Component: ARM Compiler 5.06 update 4 (build 422) Tool: armlink [4d35d2]

==============================================================================

Section Cross References

    startup_stm32f103xb.o(STACK) refers (Special) to heapauxi.o(.text) for __use_two_region_memory
    startup_stm32f103xb.o(HEAP) refers (Special) to heapauxi.o(.text) for __use_two_region_memory
    startup_stm32f103xb.o(RESET) refers (Special) to heapauxi.o(.text) for __use_two_region_memory
    startup_stm32f103xb.o(RESET) refers to startup_stm32f103xb.o(STACK) for __initial_sp
    startup_stm32f103xb.o(RESET) refers to startup_stm32f103xb.o(.text) for Reset_Handler
    startup_stm32f103xb.o(RESET) refers to stm32f1xx_it.o(i.NMI_Handler) for NMI_Handler
    startup_stm32f103xb.o(RESET) refers to stm32f1xx_it.o(i.HardFault_Handler) for HardFault_Handler
    startup_stm32f103xb.o(RESET) refers to stm32f1xx_it.o(i.MemManage_Handler) for MemManage_Handler
    startup_stm32f103xb.o(RESET) refers to stm32f1xx_it.o(i.BusFault_Handler) for BusFault_Handler
    startup_stm32f103xb.o(RESET) refers to stm32f1xx_it.o(i.UsageFault_Handler) for UsageFault_Handler
    startup_stm32f103xb.o(RESET) refers to stm32f1xx_it.o(i.SVC_Handler) for SVC_Handler
    startup_stm32f103xb.o(RESET) refers to stm32f1xx_it.o(i.DebugMon_Handler) for DebugMon_Handler
    startup_stm32f103xb.o(RESET) refers to stm32f1xx_it.o(i.PendSV_Handler) for PendSV_Handler
    startup_stm32f103xb.o(RESET) refers to stm32f1xx_it.o(i.SysTick_Handler) for SysTick_Handler
    startup_stm32f103xb.o(RESET) refers to stm32f1xx_it.o(i.USART1_IRQHandler) for USART1_IRQHandler
    startup_stm32f103xb.o(RESET) refers to stm32f1xx_it.o(i.USART2_IRQHandler) for USART2_IRQHandler
    startup_stm32f103xb.o(RESET) refers to stm32f1xx_it.o(i.EXTI15_10_IRQHandler) for EXTI15_10_IRQHandler
    startup_stm32f103xb.o(.text) refers (Special) to heapauxi.o(.text) for __use_two_region_memory
    startup_stm32f103xb.o(.text) refers to system_stm32f1xx.o(i.SystemInit) for SystemInit
    startup_stm32f103xb.o(.text) refers to __main.o(!!!main) for __main
    startup_stm32f103xb.o(.text) refers to startup_stm32f103xb.o(HEAP) for Heap_Mem
    startup_stm32f103xb.o(.text) refers to startup_stm32f103xb.o(STACK) for Stack_Mem
    main.o(i.SystemClock_Config) refers to rt_memclr_w.o(.text) for __aeabi_memclr4
    main.o(i.SystemClock_Config) refers to stm32f1xx_hal_rcc.o(i.HAL_RCC_OscConfig) for HAL_RCC_OscConfig
    main.o(i.SystemClock_Config) refers to stm32f1xx_hal_rcc.o(i.HAL_RCC_ClockConfig) for HAL_RCC_ClockConfig
    main.o(i.SystemClock_Config) refers to stm32f1xx_hal_rcc_ex.o(i.HAL_RCCEx_PeriphCLKConfig) for HAL_RCCEx_PeriphCLKConfig
    main.o(i.fputc) refers to stm32f1xx_hal_uart.o(i.HAL_UART_Transmit) for HAL_UART_Transmit
    main.o(i.fputc) refers to usart.o(.bss) for huart2
    main.o(i.main) refers to _printf_percent.o(.ARM.Collect$$_printf_percent$$00000000) for _printf_percent
    main.o(i.main) refers to _printf_f.o(.ARM.Collect$$_printf_percent$$00000003) for _printf_f
    main.o(i.main) refers to printf1.o(x$fpl$printf1) for _printf_fp_dec
    main.o(i.main) refers to _printf_d.o(.ARM.Collect$$_printf_percent$$00000009) for _printf_d
    main.o(i.main) refers to _printf_u.o(.ARM.Collect$$_printf_percent$$0000000A) for _printf_u
    main.o(i.main) refers to _printf_dec.o(.text) for _printf_int_dec
    main.o(i.main) refers to stm32f1xx_hal.o(i.HAL_Init) for HAL_Init
    main.o(i.main) refers to main.o(i.SystemClock_Config) for SystemClock_Config
    main.o(i.main) refers to gpio.o(i.MX_GPIO_Init) for MX_GPIO_Init
    main.o(i.main) refers to usart.o(i.MX_USART1_UART_Init) for MX_USART1_UART_Init
    main.o(i.main) refers to usart.o(i.MX_USART2_UART_Init) for MX_USART2_UART_Init
    main.o(i.main) refers to i2c.o(i.MX_I2C1_Init) for MX_I2C1_Init
    main.o(i.main) refers to adc.o(i.MX_ADC1_Init) for MX_ADC1_Init
    main.o(i.main) refers to bsp_sht30.o(i.SHT30_Init) for SHT30_Init
    main.o(i.main) refers to bsp_door.o(i.Door_Init) for Door_Init
    main.o(i.main) refers to stm32f1xx_hal.o(i.HAL_Delay) for HAL_Delay
    main.o(i.main) refers to bsp_sht30.o(i.SHT30_ReadData) for SHT30_ReadData
    main.o(i.main) refers to noretval__2printf.o(.text) for __2printf
    main.o(i.main) refers to bsp_mq2.o(i.MQ2_GetADCValue) for MQ2_GetADCValue
    main.o(i.main) refers to bsp_mq2.o(i.MQ2_GetAlarmState) for MQ2_GetAlarmState
    main.o(i.main) refers to stm32f1xx_hal_gpio.o(i.HAL_GPIO_TogglePin) for HAL_GPIO_TogglePin
    main.o(i.main) refers to f2d.o(x$fpl$f2d) for __aeabi_f2d
    gpio.o(i.MX_GPIO_Init) refers to stm32f1xx_hal_gpio.o(i.HAL_GPIO_WritePin) for HAL_GPIO_WritePin
    gpio.o(i.MX_GPIO_Init) refers to stm32f1xx_hal_gpio.o(i.HAL_GPIO_Init) for HAL_GPIO_Init
    gpio.o(i.MX_GPIO_Init) refers to stm32f1xx_hal_cortex.o(i.HAL_NVIC_SetPriority) for HAL_NVIC_SetPriority
    gpio.o(i.MX_GPIO_Init) refers to stm32f1xx_hal_cortex.o(i.HAL_NVIC_EnableIRQ) for HAL_NVIC_EnableIRQ
[...]
    .text                                    0x080002e8   Section        0  __printf_ss_wp.o(.text)
    .text                                    0x08000448   Section       78  rt_memclr_w.o(.text)
    .text                                    0x08000496   Section        0  heapauxi.o(.text)
    .text                                    0x0800049c   Section        0  _printf_intcommon.o(.text)
    .text                                    0x0800054e   Section        0  _printf_fp_dec.o(.text)
    _fp_digits                               0x08000551   Thumb Code   428  _printf_fp_dec.o(.text)
    .text                                    0x08000968   Section        0  _printf_char.o(.text)
    .text                                    0x08000994   Section        0  _printf_char_file.o(.text)
    .text                                    0x080009b8   Section        8  rt_locale_intlibspace.o(.text)
    .text                                    0x080009c0   Section      138  lludiv10.o(.text)
    .text                                    0x08000a4c   Section        0  _printf_char_common.o(.text)
    _printf_input_char                       0x08000a4d   Thumb Code    10  _printf_char_common.o(.text)
    .text                                    0x08000a7c   Section        0  _printf_fp_infnan.o(.text)
    .text                                    0x08000afc   Section        0  bigflt0.o(.text)
    .text                                    0x08000bd8   Section        0  ferror.o(.text)
    .text                                    0x08000be0   Section        0  initio.o(.text)
    .text                                    0x08000d18   Section        0  sys_io.o(.text)
    .text                                    0x08000d80   Section        8  libspace.o(.text)
    .text                                    0x08000d88   Section       74  sys_stackheap_outer.o(.text)
    .text                                    0x08000dd2   Section        0  h1_free.o(.text)
    .text                                    0x08000e20   Section        0  setvbuf.o(.text)
    .text                                    0x08000e68   Section        0  fopen.o(.text)
    _freopen_locked                          0x08000e69   Thumb Code     0  fopen.o(.text)
    .text                                    0x08000f54   Section        0  fclose.o(.text)
    .text                                    0x08000fa0   Section        0  exit.o(.text)
    .text                                    0x08000fb2   Section        0  defsig_rtred_outer.o(.text)
    .text                                    0x08000fc0   Section      128  strcmpv7m.o(.text)
    .text                                    0x08001040   Section        2  use_no_semi.o(.text)
    .text                                    0x08001042   Section        0  indicate_semi.o(.text)
    .text                                    0x08001044   Section        8  rt_heap_descriptor_intlibspace.o(.text)
    .text                                    0x0800104c   Section        0  hguard.o(.text)
    .text                                    0x08001050   Section        0  init_alloc.o(.text)
    .text                                    0x080010da   Section        0  h1_alloc.o(.text)
    .text                                    0x08001138   Section        0  fseek.o(.text)
    .text                                    0x08001230   Section        0  stdio.o(.text)
    .text                                    0x08001320   Section        0  defsig_exit.o(.text)
    .text                                    0x0800132c   Section        0  defsig_rtred_inner.o(.text)
    .text                                    0x08001360   Section        0  strlen.o(.text)
    .text                                    0x080013a0   Section        0  sys_exit.o(.text)
    .text                                    0x080013ac   Section        0  h1_init.o(.text)
    .text                                    0x080013ba   Section        0  h1_extend.o(.text)
    .text                                    0x080013ee   Section        0  ftell.o(.text)
    .text                                    0x08001430   Section        0  defsig_general.o(.text)
    .text                                    0x08001462   Section        0  defsig_rtmem_outer.o(.text)
    .text                                    0x08001470   Section        0  sys_wrch.o(.text)
    .text                                    0x08001480   Section        8  rt_errno_addr_intlibspace.o(.text)
    .text                                    0x08001488   Section        0  defsig_rtmem_inner.o(.text)
    CL$$btod_d2e                             0x080014d8   Section       62  btod.o(CL$$btod_d2e)
    CL$$btod_d2e_denorm_low                  0x08001516   Section       70  btod.o(CL$$btod_d2e_denorm_low)
    CL$$btod_d2e_norm_op1                    0x0800155c   Section       96  btod.o(CL$$btod_d2e_norm_op1)
    CL$$btod_div_common                      0x080015bc   Section      824  btod.o(CL$$btod_div_common)
    CL$$btod_e2e                             0x080018f4   Section      198  btod.o(CL$$btod_e2e)
    CL$$btod_ediv                            0x080019ba   Section       40  btod.o(CL$$btod_ediv)
    CL$$btod_emul                            0x080019e2   Section       40  btod.o(CL$$btod_emul)
    CL$$btod_mult_common                     0x08001a0a   Section      580  btod.o(CL$$btod_mult_common)
    i.ADC_ConversionStop_Disable             0x08001c50   Section        0  stm32f1xx_hal_adc.o(i.ADC_ConversionStop_Disable)
    i.ADC_Enable                             0x08001ca8   Section        0  stm32f1xx_hal_adc.o(i.ADC_Enable)
    i.BusFault_Handler                       0x08001d24   Section        0  stm32f1xx_it.o(i.BusFault_Handler)
    i.DebugMon_Handler                       0x08001d26   Section        0  stm32f1xx_it.o(i.DebugMon_Handler)
    i.Door_GetState                          0x08001d28   Section        0  bsp_door.o(i.Door_GetState)
    i.Door_Init                              0x08001d40   Section        0  bsp_door.o(i.Door_Init)
    i.EXTI15_10_IRQHandler                   0x08001d46   Section        0  stm32f1xx_it.o(i.EXTI15_10_IRQHandler)
    i.Error_Handler                          0x08001d4e   Section        0  main.o(i.Error_Handler)
    i.HAL_ADC_ConfigChannel                  0x08001d54   Section        0  stm32f1xx_hal_adc.o(i.HAL_ADC_ConfigChannel)
    i.HAL_ADC_GetValue                       0x08001e50   Section        0  stm32f1xx_hal_adc.o(i.HAL_ADC_GetValue)
    i.HAL_ADC_Init                           0x08001e58   Section        0  stm32f1xx_hal_adc.o(i.HAL_ADC_Init)
    i.HAL_ADC_MspInit                        0x08001f74   Section        0  adc.o(i.HAL_ADC_MspInit)
    i.HAL_ADC_PollForConversion              0x08001fcc   Section        0  stm32f1xx_hal_adc.o(i.HAL_ADC_PollForConversion)
    i.HAL_ADC_Start                          0x08002108   Section        0  stm32f1xx_hal_adc.o(i.HAL_ADC_Start)
    i.HAL_DMA_Abort                          0x080021c8   Section        0  stm32f1xx_hal_dma.o(i.HAL_DMA_Abort)
    i.HAL_DMA_Abort_IT                       0x08002210   Section        0  stm32f1xx_hal_dma.o(i.HAL_DMA_Abort_IT)
    i.HAL_Delay                              0x080022a8   Section        0  stm32f1xx_hal.o(i.HAL_Delay)
    i.HAL_GPIO_EXTI_Callback                 0x080022cc   Section        0  bsp_door.o(i.HAL_GPIO_EXTI_Callback)
    i.HAL_GPIO_EXTI_IRQHandler               0x08002328   Section        0  stm32f1xx_hal_gpio.o(i.HAL_GPIO_EXTI_IRQHandler)
    i.HAL_GPIO_Init                          0x08002340   Section        0  stm32f1xx_hal_gpio.o(i.HAL_GPIO_Init)
    i.HAL_GPIO_ReadPin                       0x08002520   Section        0  stm32f1xx_hal_gpio.o(i.HAL_GPIO_ReadPin)
    i.HAL_GPIO_TogglePin                     0x0800252a   Section        0  stm32f1xx_hal_gpio.o(i.HAL_GPIO_TogglePin)
    i.HAL_GPIO_WritePin                      0x0800253a   Section        0  stm32f1xx_hal_gpio.o(i.HAL_GPIO_WritePin)
    i.HAL_GetTick                            0x08002544   Section        0  stm32f1xx_hal.o(i.HAL_GetTick)
    i.HAL_I2C_Init                           0x08002550   Section        0  stm32f1xx_hal_i2c.o(i.HAL_I2C_Init)
    i.HAL_I2C_Master_Receive                 0x080026d8   Section        0  stm32f1xx_hal_i2c.o(i.HAL_I2C_Master_Receive)
    i.HAL_I2C_Master_Transmit                0x08002928   Section        0  stm32f1xx_hal_i2c.o(i.HAL_I2C_Master_Transmit)
    i.HAL_I2C_MspInit                        0x08002a54   Section        0  i2c.o(i.HAL_I2C_MspInit)
    i.HAL_IncTick                            0x08002ab0   Section        0  stm32f1xx_hal.o(i.HAL_IncTick)
    i.HAL_Init                               0x08002ac0   Section        0  stm32f1xx_hal.o(i.HAL_Init)
    i.HAL_InitTick                           0x08002ae4   Section        0  stm32f1xx_hal.o(i.HAL_InitTick)
    i.HAL_MspInit                            0x08002b24   Section        0  stm32f1xx_hal_msp.o(i.HAL_MspInit)
    i.HAL_NVIC_EnableIRQ                     0x08002b60   Section        0  stm32f1xx_hal_cortex.o(i.HAL_NVIC_EnableIRQ)
    i.HAL_NVIC_SetPriority                   0x08002b7c   Section        0  stm32f1xx_hal_cortex.o(i.HAL_NVIC_SetPriority)
    i.HAL_NVIC_SetPriorityGrouping           0x08002bbc   Section        0  stm32f1xx_hal_cortex.o(i.HAL_NVIC_SetPriorityGrouping)
    i.HAL_RCCEx_GetPeriphCLKFreq             0x08002be0   Section        0  stm32f1xx_hal_rcc_ex.o(i.HAL_RCCEx_GetPeriphCLKFreq)
    i.HAL_RCCEx_PeriphCLKConfig              0x08002c84   Section        0  stm32f1xx_hal_rcc_ex.o(i.HAL_RCCEx_PeriphCLKConfig)
    i.HAL_RCC_ClockConfig                    0x08002d70   Section        0  stm32f1xx_hal_rcc.o(i.HAL_RCC_ClockConfig)
    i.HAL_RCC_GetPCLK1Freq                   0x08002e9c   Section        0  stm32f1xx_hal_rcc.o(i.HAL_RCC_GetPCLK1Freq)
    i.HAL_RCC_GetPCLK2Freq                   0x08002ebc   Section        0  stm32f1xx_hal_rcc.o(i.HAL_RCC_GetPCLK2Freq)
    i.HAL_RCC_GetSysClockFreq                0x08002edc   Section        0  stm32f1xx_hal_rcc.o(i.HAL_RCC_GetSysClockFreq)
    i.HAL_RCC_OscConfig                      0x08002f28   Section        0  stm32f1xx_hal_rcc.o(i.HAL_RCC_OscConfig)
    i.HAL_SYSTICK_Config                     0x08003248   Section        0  stm32f1xx_hal_cortex.o(i.HAL_SYSTICK_Config)
    i.HAL_UARTEx_RxEventCallback             0x08003270   Section        0  stm32f1xx_hal_uart.o(i.HAL_UARTEx_RxEventCallback)
    i.HAL_UART_ErrorCallback                 0x08003272   Section        0  stm32f1xx_hal_uart.o(i.HAL_UART_ErrorCallback)
    i.HAL_UART_IRQHandler                    0x08003274   Section        0  stm32f1xx_hal_uart.o(i.HAL_UART_IRQHandler)
    i.HAL_UART_Init                          0x080034e0   Section        0  stm32f1xx_hal_uart.o(i.HAL_UART_Init)
    i.HAL_UART_MspInit                       0x08003544   Section        0  usart.o(i.HAL_UART_MspInit)
    i.HAL_UART_RxCpltCallback                0x0800361c   Section        0  stm32f1xx_hal_uart.o(i.HAL_UART_RxCpltCallback)
    i.HAL_UART_Transmit                      0x0800361e   Section        0  stm32f1xx_hal_uart.o(i.HAL_UART_Transmit)
    i.HAL_UART_TxCpltCallback                0x080036be   Section        0  stm32f1xx_hal_uart.o(i.HAL_UART_TxCpltCallback)
    i.HardFault_Handler                      0x080036c0   Section        0  stm32f1xx_it.o(i.HardFault_Handler)
    i.I2C_IsAcknowledgeFailed                0x080036c2   Section        0  stm32f1xx_hal_i2c.o(i.I2C_IsAcknowledgeFailed)
    I2C_IsAcknowledgeFailed                  0x080036c3   Thumb Code    46  stm32f1xx_hal_i2c.o(i.I2C_IsAcknowledgeFailed)
    i.I2C_MasterRequestRead                  0x080036f0   Section        0  stm32f1xx_hal_i2c.o(i.I2C_MasterRequestRead)
    I2C_MasterRequestRead                    0x080036f1   Thumb Code   230  stm32f1xx_hal_i2c.o(i.I2C_MasterRequestRead)
    i.I2C_MasterRequestWrite                 0x080037dc   Section        0  stm32f1xx_hal_i2c.o(i.I2C_MasterRequestWrite)
    I2C_MasterRequestWrite                   0x080037dd   Thumb Code   150  stm32f1xx_hal_i2c.o(i.I2C_MasterRequestWrite)
    i.I2C_WaitOnBTFFlagUntilTimeout          0x08003878   Section        0  stm32f1xx_hal_i2c.o(i.I2C_WaitOnBTFFlagUntilTimeout)
    I2C_WaitOnBTFFlagUntilTimeout            0x08003879   Thumb Code    86  stm32f1xx_hal_i2c.o(i.I2C_WaitOnBTFFlagUntilTimeout)
    i.I2C_WaitOnFlagUntilTimeout             0x080038d0   Section        0  stm32f1xx_hal_i2c.o(i.I2C_WaitOnFlagUntilTimeout)
    I2C_WaitOnFlagUntilTimeout               0x080038d1   Thumb Code   144  stm32f1xx_hal_i2c.o(i.I2C_WaitOnFlagUntilTimeout)
    i.I2C_WaitOnMasterAddressFlagUntilTimeout 0x08003960   Section        0  stm32f1xx_hal_i2c.o(i.I2C_WaitOnMasterAddressFlagUntilTimeout)
    I2C_WaitOnMasterAddressFlagUntilTimeout  0x08003961   Thumb Code   188  stm32f1xx_hal_i2c.o(i.I2C_WaitOnMasterAddressFlagUntilTimeout)
    i.I2C_WaitOnRXNEFlagUntilTimeout         0x08003a1c   Section        0  stm32f1xx_hal_i2c.o(i.I2C_WaitOnRXNEFlagUntilTimeout)
    I2C_WaitOnRXNEFlagUntilTimeout           0x08003a1d   Thumb Code   112  stm32f1xx_hal_i2c.o(i.I2C_WaitOnRXNEFlagUntilTimeout)
    i.I2C_WaitOnTXEFlagUntilTimeout          0x08003a8c   Section        0  stm32f1xx_hal_i2c.o(i.I2C_WaitOnTXEFlagUntilTimeout)
    I2C_WaitOnTXEFlagUntilTimeout            0x08003a8d   Thumb Code    86  stm32f1xx_hal_i2c.o(i.I2C_WaitOnTXEFlagUntilTimeout)
    i.MQ2_GetADCValue                        0x08003ae4   Section        0  bsp_mq2.o(i.MQ2_GetADCValue)
    i.MQ2_GetAlarmState                      0x08003b08   Section        0  bsp_mq2.o(i.MQ2_GetAlarmState)
    i.MX_ADC1_Init                           0x08003b14   Section        0  adc.o(i.MX_ADC1_Init)
    i.MX_GPIO_Init                           0x08003b60   Section        0  gpio.o(i.MX_GPIO_Init)
    i.MX_I2C1_Init                           0x08003c1c   Section        0  i2c.o(i.MX_I2C1_Init)
    i.MX_USART1_UART_Init                    0x08003c5c   Section        0  usart.o(i.MX_USART1_UART_Init)
    i.MX_USART2_UART_Init                    0x08003c94   Section        0  usart.o(i.MX_USART2_UART_Init)
    i.MemManage_Handler                      0x08003ccc   Section        0  stm32f1xx_it.o(i.MemManage_Handler)
    i.NMI_Handler                            0x08003cce   Section        0  stm32f1xx_it.o(i.NMI_Handler)
    i.PendSV_Handler                         0x08003cd0   Section        0  stm32f1xx_it.o(i.PendSV_Handler)
    i.SHT30_CRC8                             0x08003cd2   Section        0  bsp_sht30.o(i.SHT30_CRC8)
    i.SHT30_Init                             0x08003d04   Section        0  bsp_sht30.o(i.SHT30_Init)
    i.SHT30_ReadData                         0x08003d28   Section        0  bsp_sht30.o(i.SHT30_ReadData)
    i.SVC_Handler                            0x08003db8   Section        0  stm32f1xx_it.o(i.SVC_Handler)
    i.SysTick_Handler                        0x08003dba   Section        0  stm32f1xx_it.o(i.SysTick_Handler)
    i.SystemClock_Config                     0x08003dbe   Section        0  main.o(i.SystemClock_Config)
    i.SystemInit                             0x08003e36   Section        0  system_stm32f1xx.o(i.SystemInit)
    i.UART_DMAAbortOnError                   0x08003e38   Section        0  stm32f1xx_hal_uart.o(i.UART_DMAAbortOnError)
    UART_DMAAbortOnError                     0x08003e39   Thumb Code    16  stm32f1xx_hal_uart.o(i.UART_DMAAbortOnError)
    i.UART_EndRxTransfer                     0x08003e48   Section        0  stm32f1xx_hal_uart.o(i.UART_EndRxTransfer)
    UART_EndRxTransfer                       0x08003e49   Thumb Code    78  stm32f1xx_hal_uart.o(i.UART_EndRxTransfer)
    i.UART_Receive_IT                        0x08003e96   Section        0  stm32f1xx_hal_uart.o(i.UART_Receive_IT)
    UART_Receive_IT                          0x08003e97   Thumb Code   194  stm32f1xx_hal_uart.o(i.UART_Receive_IT)
    i.UART_SetConfig                         0x08003f58   Section        0  stm32f1xx_hal_uart.o(i.UART_SetConfig)
    UART_SetConfig                           0x08003f59   Thumb Code   178  stm32f1xx_hal_uart.o(i.UART_SetConfig)
    i.UART_WaitOnFlagUntilTimeout            0x08004010   Section        0  stm32f1xx_hal_uart.o(i.UART_WaitOnFlagUntilTimeout)
    UART_WaitOnFlagUntilTimeout              0x08004011   Thumb Code   114  stm32f1xx_hal_uart.o(i.UART_WaitOnFlagUntilTimeout)
    i.USART1_IRQHandler                      0x08004084   Section        0  stm32f1xx_it.o(i.USART1_IRQHandler)
    i.USART2_IRQHandler                      0x08004090   Section        0  stm32f1xx_it.o(i.USART2_IRQHandler)
    i.UsageFault_Handler                     0x0800409c   Section        0  stm32f1xx_it.o(i.UsageFault_Handler)
    i.__ARM_fpclassify                       0x0800409e   Section        0  fpclassify.o(i.__ARM_fpclassify)
    i.__NVIC_SetPriority                     0x080040c6   Section        0  stm32f1xx_hal_cortex.o(i.__NVIC_SetPriority)
    __NVIC_SetPriority                       0x080040c7   Thumb Code    32  stm32f1xx_hal_cortex.o(i.__NVIC_SetPriority)
    i._is_digit                              0x080040e6   Section        0  __printf_wp.o(i._is_digit)
    i.fputc                                  0x080040f4   Section        0  main.o(i.fputc)
    i.main                                   0x0800410c   Section        0  main.o(i.main)
    locale$$code                             0x080041e4   Section       44  lc_numeric_c.o(locale$$code)
    x$fpl$dretinf                            0x08004210   Section       12  dretinf.o(x$fpl$dretinf)
    x$fpl$f2d                                0x0800421c   Section       86  f2d.o(x$fpl$f2d)
    x$fpl$fadd                               0x08004274   Section      196  faddsub_clz.o(x$fpl$fadd)
    _fadd1                                   0x08004283   Thumb Code     0  faddsub_clz.o(x$fpl$fadd)
    x$fpl$fdiv                               0x08004338   Section      388  fdiv.o(x$fpl$fdiv)
    _fdiv1                                   0x08004339   Thumb Code     0  fdiv.o(x$fpl$fdiv)
    x$fpl$ffltu                              0x080044bc   Section       38  fflt_clz.o(x$fpl$ffltu)
    x$fpl$fmul                               0x080044e4   Section      258  fmul.o(x$fpl$fmul)
    x$fpl$fnaninf                            0x080045e6   Section      140  fnaninf.o(x$fpl$fnaninf)
    x$fpl$fretinf                            0x08004672   Section       10  fretinf.o(x$fpl$fretinf)
    x$fpl$fsub                               0x0800467c   Section      234  faddsub_clz.o(x$fpl$fsub)
    _fsub1                                   0x0800468b   Thumb Code     0  faddsub_clz.o(x$fpl$fsub)
    x$fpl$printf1                            0x08004766   Section        4  printf1.o(x$fpl$printf1)
    .constdata                               0x0800476a   Section       18  stm32f1xx_hal_rcc.o(.constdata)
    x$fpl$usenofp                            0x0800476a   Section        0  usenofp.o(x$fpl$usenofp)
    aPredivFactorTable                       0x0800476a   Data           2  stm32f1xx_hal_rcc.o(.constdata)
    aPLLMULFactorTable                       0x0800476c   Data          16  stm32f1xx_hal_rcc.o(.constdata)
    .constdata                               0x0800477c   Section       18  stm32f1xx_hal_rcc_ex.o(.constdata)
    aPredivFactorTable                       0x0800477c   Data           2  stm32f1xx_hal_rcc_ex.o(.constdata)
    aPLLMULFactorTable                       0x0800477e   Data          16  stm32f1xx_hal_rcc_ex.o(.constdata)
    .constdata                               0x0800478e   Section       16  system_stm32f1xx.o(.constdata)
    .constdata                               0x0800479e   Section        8  system_stm32f1xx.o(.constdata)
    .constdata                               0x080047a8   Section      148  bigflt0.o(.constdata)
    tenpwrs_x                                0x080047a8   Data          60  bigflt0.o(.constdata)
    tenpwrs_i                                0x080047e4   Data          64  bigflt0.o(.constdata)
    .constdata                               0x0800483c   Section        4  sys_io.o(.constdata)
    .constdata                               0x08004840   Section        4  sys_io.o(.constdata)
    .constdata                               0x08004844   Section        4  sys_io.o(.constdata)
    locale$$data                             0x08004868   Section       28  lc_numeric_c.o(locale$$data)
    __lcnum_c_name                           0x0800486c   Data           2  lc_numeric_c.o(locale$$data)
    __lcnum_c_start                          0x08004874   Data           0  lc_numeric_c.o(locale$$data)
    __lcnum_c_point                          0x08004880   Data           0  lc_numeric_c.o(locale$$data)
    __lcnum_c_thousands                      0x08004882   Data           0  lc_numeric_c.o(locale$$data)
    __lcnum_c_grouping                       0x08004883   Data           0  lc_numeric_c.o(locale$$data)
    __lcnum_c_end                            0x08004884   Data           0  lc_numeric_c.o(locale$$data)
    .data                                    0x20000000   Section       12  stm32f1xx_hal.o(.data)
    .data                                    0x2000000c   Section        4  system_stm32f1xx.o(.data)
    .data                                    0x20000010   Section        4  bsp_door.o(.data)
    door_callback                            0x20000010   Data           4  bsp_door.o(.data)
    .data                                    0x20000014   Section        4  stdio_streams.o(.data)
    .data                                    0x20000018   Section        4  stdio_streams.o(.data)
    .data                                    0x2000001c   Section        4  stdio_streams.o(.data)
    .bss                                     0x20000020   Section       48  adc.o(.bss)
    .bss                                     0x20000050   Section       84  i2c.o(.bss)
    .bss                                     0x200000a4   Section      144  usart.o(.bss)
    .bss                                     0x20000134   Section       84  stdio_streams.o(.bss)
    .bss                                     0x20000188   Section       84  stdio_streams.o(.bss)
    .bss                                     0x200001dc   Section       84  stdio_streams.o(.bss)
    .bss                                     0x20000230   Section       96  libspace.o(.bss)
    HEAP                                     0x20000290   Section      512  startup_stm32f103xb.o(HEAP)
    Heap_Mem                                 0x20000290   Data         512  startup_stm32f103xb.o(HEAP)
    STACK                                    0x20000490   Section     1024  startup_stm32f103xb.o(STACK)
    Stack_Mem                                0x20000490   Data        1024  startup_stm32f103xb.o(STACK)
    __initial_sp                             0x20000890   Data           0  startup_stm32f103xb.o(STACK)

    Global Symbols

    Symbol Name                              Value     Ov Type        Size  Object(Section)

    BuildAttributes$$THM_ISAv4$P$D$K$B$S$PE$A:L22UL41UL21$X:L11$S22US41US21$IEEE1$IW$USESV6$~STKCKD$USESV7$~SHL$OTIME$ROPI$IEEEJ$EBA8$UX$STANDARDLIB$REQ8$PRES8$EABIv2 0x00000000   Number         0  anon$$obj.o ABSOLUTE
    __ARM_use_no_argv                        0x00000000   Number         0  main.o ABSOLUTE
    _printf_flags                            0x00000000   Number         0  printf_stubs.o ABSOLUTE
    _printf_return_value                     0x00000000   Number         0  printf_stubs.o ABSOLUTE
    _printf_sizespec                         0x00000000   Number         0  printf_stubs.o ABSOLUTE
    _printf_widthprec                        0x00000000   Number         0  printf_stubs.o ABSOLUTE
    __ARM_exceptions_init                     - Undefined Weak Reference
    __alloca_initialize                       - Undefined Weak Reference
    __arm_preinit_                            - Undefined Weak Reference
    __cpp_initialize__aeabi_                  - Undefined Weak Reference
    __cxa_finalize                            - Undefined Weak Reference
    __sigvec_lookup                           - Undefined Weak Reference
    __user_heap_extent                        - Undefined Weak Reference
    _atexit_init                              - Undefined Weak Reference
    _call_atexit_fns                          - Undefined Weak Reference
    _clock_init                               - Undefined Weak Reference
    _fp_trap_init                             - Undefined Weak Reference
    _fp_trap_shutdown                         - Undefined Weak Reference
    _get_lc_collate                           - Undefined Weak Reference
    _get_lc_ctype                             - Undefined Weak Reference
    _get_lc_monetary                          - Undefined Weak Reference
    _get_lc_time                              - Undefined Weak Reference
    _getenv_init                              - Undefined Weak Reference
    _handle_redirection                       - Undefined Weak Reference
    _mutex_acquire                            - Undefined Weak Reference
    _mutex_free                               - Undefined Weak Reference
    _mutex_release                            - Undefined Weak Reference
    _printf_mbtowc                            - Undefined Weak Reference
    _printf_post_padding                      - Undefined Weak Reference
    _printf_pre_padding                       - Undefined Weak Reference
    _printf_truncate_signed                   - Undefined Weak Reference
    _printf_truncate_unsigned                 - Undefined Weak Reference
    _rand_init                                - Undefined Weak Reference
    _signal_finish                            - Undefined Weak Reference
    _signal_init                              - Undefined Weak Reference
    __Vectors_Size                           0x000000ec   Number         0  startup_stm32f103xb.o ABSOLUTE
    __Vectors                                0x08000000   Data           4  startup_stm32f103xb.o(RESET)
    __Vectors_End                            0x080000ec   Data           0  startup_stm32f103xb.o(RESET)
    __main                                   0x080000ed   Thumb Code     8  __main.o(!!!main)
    __scatterload                            0x080000f5   Thumb Code     0  __scatter.o(!!!scatter)
    __scatterload_rt2                        0x080000f5   Thumb Code    44  __scatter.o(!!!scatter)
    __scatterload_rt2_thumb_only             0x080000f5   Thumb Code     0  __scatter.o(!!!scatter)
    __scatterload_null                       0x08000103   Thumb Code     0  __scatter.o(!!!scatter)
    __scatterload_copy                       0x08000129   Thumb Code    26  __scatter_copy.o(!!handler_copy)
    __scatterload_zeroinit                   0x08000145   Thumb Code    28  __scatter_zi.o(!!handler_zi)
    _printf_f                                0x08000161   Thumb Code     0  _printf_f.o(.ARM.Collect$$_printf_percent$$00000003)
    _printf_percent                          0x08000161   Thumb Code     0  _printf_percent.o(.ARM.Collect$$_printf_percent$$00000000)
    _printf_d                                0x08000167   Thumb Code     0  _printf_d.o(.ARM.Collect$$_printf_percent$$00000009)
    _printf_u                                0x0800016d   Thumb Code     0  _printf_u.o(.ARM.Collect$$_printf_percent$$0000000A)
    _printf_s                                0x08000173   Thumb Code     0  _printf_s.o(.ARM.Collect$$_printf_percent$$00000014)
    _printf_percent_end                      0x08000179   Thumb Code     0  _printf_percent_end.o(.ARM.Collect$$_printf_percent$$00000017)
    __rt_lib_init                            0x0800017d   Thumb Code     0  libinit.o(.ARM.Collect$$libinit$$00000000)
    __rt_lib_init_fp_1                       0x0800017f   Thumb Code     0  libinit2.o(.ARM.Collect$$libinit$$00000002)
    __rt_lib_init_heap_2                     0x0800017f   Thumb Code     0  libinit2.o(.ARM.Collect$$libinit$$00000005)
    __rt_lib_init_preinit_1                  0x0800017f   Thumb Code     0  libinit2.o(.ARM.Collect$$libinit$$00000004)
    __rt_lib_init_heap_1                     0x08000187   Thumb Code     0  libinit2.o(.ARM.Collect$$libinit$$0000000A)
    __rt_lib_init_lc_common                  0x08000187   Thumb Code     0  libinit2.o(.ARM.Collect$$libinit$$0000000F)
    __rt_lib_init_rand_1                     0x08000187   Thumb Code     0  libinit2.o(.ARM.Collect$$libinit$$0000000E)
    __rt_lib_init_user_alloc_1               0x08000187   Thumb Code     0  libinit2.o(.ARM.Collect$$libinit$$0000000C)
    __rt_lib_init_lc_collate_1               0x0800018d   Thumb Code     0  libinit2.o(.ARM.Collect$$libinit$$00000011)
    __rt_lib_init_lc_ctype_1                 0x0800018d   Thumb Code     0  libinit2.o(.ARM.Collect$$libinit$$00000013)
    __rt_lib_init_lc_monetary_1              0x0800018d   Thumb Code     0  libinit2.o(.ARM.Collect$$libinit$$00000015)
    __rt_lib_init_lc_numeric_2               0x0800018d   Thumb Code     0  libinit2.o(.ARM.Collect$$libinit$$00000016)
    __rt_lib_init_atexit_1                   0x08000197   Thumb Code     0  libinit2.o(.ARM.Collect$$libinit$$0000001B)
    __rt_lib_init_clock_1                    0x08000197   Thumb Code     0  libinit2.o(.ARM.Collect$$libinit$$00000021)
    __rt_lib_init_fp_trap_1                  0x08000197   Thumb Code     0  libinit2.o(.ARM.Collect$$libinit$$0000001F)
    __rt_lib_init_getenv_1                   0x08000197   Thumb Code     0  libinit2.o(.ARM.Collect$$libinit$$00000023)
    __rt_lib_init_lc_numeric_1               0x08000197   Thumb Code     0  libinit2.o(.ARM.Collect$$libinit$$00000017)
    __rt_lib_init_lc_time_1                  0x08000197   Thumb Code     0  libinit2.o(.ARM.Collect$$libinit$$00000019)
    __rt_lib_init_signal_1                   0x08000197   Thumb Code     0  libinit2.o(.ARM.Collect$$libinit$$0000001D)
    __rt_lib_init_stdio_2                    0x08000197   Thumb Code     0  libinit2.o(.ARM.Collect$$libinit$$00000024)
    __rt_lib_init_alloca_1                   0x0800019b   Thumb Code     0  libinit2.o(.ARM.Collect$$libinit$$0000002E)
    __rt_lib_init_argv_1                     0x0800019b   Thumb Code     0  libinit2.o(.ARM.Collect$$libinit$$0000002C)
    __rt_lib_init_cpp_1                      0x0800019b   Thumb Code     0  libinit2.o(.ARM.Collect$$libinit$$00000032)
    __rt_lib_init_exceptions_1               0x0800019b   Thumb Code     0  libinit2.o(.ARM.Collect$$libinit$$00000030)
    __rt_lib_init_return                     0x0800019b   Thumb Code     0  libinit2.o(.ARM.Collect$$libinit$$00000033)
    __rt_lib_init_stdio_1                    0x0800019b   Thumb Code     0  libinit2.o(.ARM.Collect$$libinit$$00000025)
    __rt_lib_shutdown                        0x0800019d   Thumb Code     0  libshutdown.o(.ARM.Collect$$libshutdown$$00000000)
    __rt_lib_shutdown_cpp_1                  0x0800019f   Thumb Code     0  libshutdown2.o(.ARM.Collect$$libshutdown$$00000002)
    __rt_lib_shutdown_stdio_2                0x0800019f   Thumb Code     0  libshutdown2.o(.ARM.Collect$$libshutdown$$00000003)
    __rt_lib_shutdown_fp_trap_1              0x080001a3   Thumb Code     0  libshutdown2.o(.ARM.Collect$$libshutdown$$00000007)
    __rt_lib_shutdown_heap_1                 0x080001a3   Thumb Code     0  libshutdown2.o(.ARM.Collect$$libshutdown$$0000000F)
    __rt_lib_shutdown_return                 0x080001a3   Thumb Code     0  libshutdown2.o(.ARM.Collect$$libshutdown$$00000010)
    __rt_lib_shutdown_signal_1               0x080001a3   Thumb Code     0  libshutdown2.o(.ARM.Collect$$libshutdown$$0000000A)
    __rt_lib_shutdown_stdio_1                0x080001a3   Thumb Code     0  libshutdown2.o(.ARM.Collect$$libshutdown$$00000004)
    __rt_lib_shutdown_user_alloc_1           0x080001a3   Thumb Code     0  libshutdown2.o(.ARM.Collect$$libshutdown$$0000000C)
    __rt_entry                               0x080001a5   Thumb Code     0  __rtentry.o(.ARM.Collect$$rtentry$$00000000)
    __rt_entry_presh_1                       0x080001a5   Thumb Code     0  __rtentry2.o(.ARM.Collect$$rtentry$$00000002)
    __rt_entry_sh                            0x080001a5   Thumb Code     0  __rtentry4.o(.ARM.Collect$$rtentry$$00000004)
    __rt_entry_li                            0x080001ab   Thumb Code     0  __rtentry2.o(.ARM.Collect$$rtentry$$0000000A)
    __rt_entry_postsh_1                      0x080001ab   Thumb Code     0  __rtentry2.o(.ARM.Collect$$rtentry$$00000009)
    __rt_entry_main                          0x080001af   Thumb Code     0  __rtentry2.o(.ARM.Collect$$rtentry$$0000000D)
    __rt_entry_postli_1                      0x080001af   Thumb Code     0  __rtentry2.o(.ARM.Collect$$rtentry$$0000000C)
    __rt_exit                                0x080001b7   Thumb Code     0  rtexit.o(.ARM.Collect$$rtexit$$00000000)
    __rt_exit_ls                             0x080001b9   Thumb Code     0  rtexit2.o(.ARM.Collect$$rtexit$$00000003)
    __rt_exit_prels_1                        0x080001b9   Thumb Code     0  rtexit2.o(.ARM.Collect$$rtexit$$00000002)
    __rt_exit_exit                           0x080001bd   Thumb Code     0  rtexit2.o(.ARM.Collect$$rtexit$$00000004)
    Reset_Handler                            0x080001c5   Thumb Code     8  startup_stm32f103xb.o(.text)
    _maybe_terminate_alloc                   0x080001c5   Thumb Code     0  maybetermalloc1.o(.emb_text)
    ADC1_2_IRQHandler                        0x080001df   Thumb Code     0  startup_stm32f103xb.o(.text)
    CAN1_RX1_IRQHandler                      0x080001df   Thumb Code     0  startup_stm32f103xb.o(.text)
    CAN1_SCE_IRQHandler                      0x080001df   Thumb Code     0  startup_stm32f103xb.o(.text)
    DMA1_Channel1_IRQHandler                 0x080001df   Thumb Code     0  startup_stm32f103xb.o(.text)
    DMA1_Channel2_IRQHandler                 0x080001df   Thumb Code     0  startup_stm32f103xb.o(.text)
    DMA1_Channel3_IRQHandler                 0x080001df   Thumb Code     0  startup_stm32f103xb.o(.text)
    DMA1_Channel4_IRQHandler                 0x080001df   Thumb Code     0  startup_stm32f103xb.o(.text)
    DMA1_Channel5_IRQHandler                 0x080001df   Thumb Code     0  startup_stm32f103xb.o(.text)
    DMA1_Channel6_IRQHandler                 0x080001df   Thumb Code     0  startup_stm32f103xb.o(.text)
    DMA1_Channel7_IRQHandler                 0x080001df   Thumb Code     0  startup_stm32f103xb.o(.text)
    EXTI0_IRQHandler                         0x080001df   Thumb Code     0  startup_stm32f103xb.o(.text)
    EXTI1_IRQHandler                         0x080001df   Thumb Code     0  startup_stm32f103xb.o(.text)
    EXTI2_IRQHandler                         0x080001df   Thumb Code     0  startup_stm32f103xb.o(.text)
    EXTI3_IRQHandler                         0x080001df   Thumb Code     0  startup_stm32f103xb.o(.text)
    EXTI4_IRQHandler                         0x080001df   Thumb Code     0  startup_stm32f103xb.o(.text)
    EXTI9_5_IRQHandler                       0x080001df   Thumb Code     0  startup_stm32f103xb.o(.text)
    FLASH_IRQHandler                         0x080001df   Thumb Code     0  startup_stm32f103xb.o(.text)
    I2C1_ER_IRQHandler                       0x080001df   Thumb Code     0  startup_stm32f103xb.o(.text)
    I2C1_EV_IRQHandler                       0x080001df   Thumb Code     0  startup_stm32f103xb.o(.text)
    I2C2_ER_IRQHandler                       0x080001df   Thumb Code     0  startup_stm32f103xb.o(.text)
    I2C2_EV_IRQHandler                       0x080001df   Thumb Code     0  startup_stm32f103xb.o(.text)
    PVD_IRQHandler                           0x080001df   Thumb Code     0  startup_stm32f103xb.o(.text)
    RCC_IRQHandler                           0x080001df   Thumb Code     0  startup_stm32f103xb.o(.text)
    RTC_Alarm_IRQHandler                     0x080001df   Thumb Code     0  startup_stm32f103xb.o(.text)
    RTC_IRQHandler                           0x080001df   Thumb Code     0  startup_stm32f103xb.o(.text)
    SPI1_IRQHandler                          0x080001df   Thumb Code     0  startup_stm32f103xb.o(.text)
    SPI2_IRQHandler                          0x080001df   Thumb Code     0  startup_stm32f103xb.o(.text)
    TAMPER_IRQHandler                        0x080001df   Thumb Code     0  startup_stm32f103xb.o(.text)
    TIM1_BRK_IRQHandler                      0x080001df   Thumb Code     0  startup_stm32f103xb.o(.text)
    TIM1_CC_IRQHandler                       0x080001df   Thumb Code     0  startup_stm32f103xb.o(.text)
    TIM1_TRG_COM_IRQHandler                  0x080001df   Thumb Code     0  startup_stm32f103xb.o(.text)
    TIM1_UP_IRQHandler                       0x080001df   Thumb Code     0  startup_stm32f103xb.o(.text)
    TIM2_IRQHandler                          0x080001df   Thumb Code     0  startup_stm32f103xb.o(.text)
    TIM3_IRQHandler                          0x080001df   Thumb Code     0  startup_stm32f103xb.o(.text)
    TIM4_IRQHandler                          0x080001df   Thumb Code     0  startup_stm32f103xb.o(.text)
    USART3_IRQHandler                        0x080001df   Thumb Code     0  startup_stm32f103xb.o(.text)
    USBWakeUp_IRQHandler                     0x080001df   Thumb Code     0  startup_stm32f103xb.o(.text)
    USB_HP_CAN1_TX_IRQHandler                0x080001df   Thumb Code     0  startup_stm32f103xb.o(.text)
    USB_LP_CAN1_RX0_IRQHandler               0x080001df   Thumb Code     0  startup_stm32f103xb.o(.text)
    WWDG_IRQHandler                          0x080001df   Thumb Code     0  startup_stm32f103xb.o(.text)
    __user_initial_stackheap                 0x080001e1   Thumb Code     0  startup_stm32f103xb.o(.text)
    __2printf                                0x08000205   Thumb Code    20  noretval__2printf.o(.text)
    _printf_str                              0x0800021d   Thumb Code    82  _printf_str.o(.text)
    _printf_int_dec                          0x08000271   Thumb Code   104  _printf_dec.o(.text)
    __printf                                 0x080002e9   Thumb Code   352  __printf_ss_wp.o(.text)
    __aeabi_memclr4                          0x08000449   Thumb Code     0  rt_memclr_w.o(.text)
    __aeabi_memclr8                          0x08000449   Thumb Code     0  rt_memclr_w.o(.text)
    __rt_memclr_w                            0x08000449   Thumb Code    78  rt_memclr_w.o(.text)
    _memset_w                                0x0800044d   Thumb Code     0  rt_memclr_w.o(.text)
    __use_two_region_memory                  0x08000497   Thumb Code     2  heapauxi.o(.text)
    __rt_heap_escrow                         0x08000499   Thumb Code     2  heapauxi.o(.text)
    __rt_heap_expand                         0x0800049b   Thumb Code     2  heapauxi.o(.text)
    _printf_int_common                       0x0800049d   Thumb Code   178  _printf_intcommon.o(.text)
    __lib_sel_fp_printf                      0x0800054f   Thumb Code     2  _printf_fp_dec.o(.text)
    _printf_fp_dec_real                      0x080006fd   Thumb Code   620  _printf_fp_dec.o(.text)
    _printf_cs_common                        0x08000969   Thumb Code    20  _printf_char.o(.text)
    _printf_char                             0x0800097d   Thumb Code    16  _printf_char.o(.text)
    _printf_string                           0x0800098d   Thumb Code     8  _printf_char.o(.text)
    _printf_char_file                        0x08000995   Thumb Code    32  _printf_char_file.o(.text)
    __rt_locale                              0x080009b9   Thumb Code     8  rt_locale_intlibspace.o(.text)
    _ll_udiv10                               0x080009c1   Thumb Code   138  lludiv10.o(.text)
    _printf_char_common                      0x08000a57   Thumb Code    32  _printf_char_common.o(.text)
    _printf_fp_infnan                        0x08000a7d   Thumb Code   112  _printf_fp_infnan.o(.text)
    _btod_etento                             0x08000afd   Thumb Code   216  bigflt0.o(.text)
    ferror                                   0x08000bd9   Thumb Code     8  ferror.o(.text)
    _initio                                  0x08000be1   Thumb Code   210  initio.o(.text)
    _terminateio                             0x08000cb3   Thumb Code    56  initio.o(.text)
    _sys_open                                0x08000d19   Thumb Code    20  sys_io.o(.text)
    _sys_close                               0x08000d2d   Thumb Code    12  sys_io.o(.text)
    _sys_write                               0x08000d39   Thumb Code    16  sys_io.o(.text)
    _sys_read                                0x08000d49   Thumb Code    14  sys_io.o(.text)
    _sys_istty                               0x08000d57   Thumb Code    12  sys_io.o(.text)
    _sys_seek                                0x08000d63   Thumb Code    14  sys_io.o(.text)
    _sys_ensure                              0x08000d71   Thumb Code     2  sys_io.o(.text)
    _sys_flen                                0x08000d73   Thumb Code    12  sys_io.o(.text)
    __user_libspace                          0x08000d81   Thumb Code     8  libspace.o(.text)
    __user_perproc_libspace                  0x08000d81   Thumb Code     0  libspace.o(.text)
    __user_perthread_libspace                0x08000d81   Thumb Code     0  libspace.o(.text)
    __user_setup_stackheap                   0x08000d89   Thumb Code    74  sys_stackheap_outer.o(.text)
    free                                     0x08000dd3   Thumb Code    78  h1_free.o(.text)
    setvbuf                                  0x08000e21   Thumb Code    70  setvbuf.o(.text)
    freopen                                  0x08000e69   Thumb Code   158  fopen.o(.text)
    fopen                                    0x08000f07   Thumb Code    74  fopen.o(.text)
    _fclose_internal                         0x08000f55   Thumb Code    76  fclose.o(.text)
    fclose                                   0x08000f55   Thumb Code     0  fclose.o(.text)
    exit                                     0x08000fa1   Thumb Code    18  exit.o(.text)
    __rt_SIGRTRED                            0x08000fb3   Thumb Code    14  defsig_rtred_outer.o(.text)
    strcmp                                   0x08000fc1   Thumb Code   128  strcmpv7m.o(.text)
    __I$use$semihosting                      0x08001041   Thumb Code     0  use_no_semi.o(.text)
    __use_no_semihosting_swi                 0x08001041   Thumb Code     2  use_no_semi.o(.text)
    __semihosting_library_function           0x08001043   Thumb Code     0  indicate_semi.o(.text)
    __rt_heap_descriptor                     0x08001045   Thumb Code     8  rt_heap_descriptor_intlibspace.o(.text)
    __use_no_heap                            0x0800104d   Thumb Code     2  hguard.o(.text)
    __heap$guard                             0x0800104f   Thumb Code     2  hguard.o(.text)
    _terminate_user_alloc                    0x08001051   Thumb Code     2  init_alloc.o(.text)
    _init_user_alloc                         0x08001053   Thumb Code     2  init_alloc.o(.text)
    __Heap_Full                              0x08001055   Thumb Code    34  init_alloc.o(.text)
    __Heap_Broken                            0x08001077   Thumb Code     6  init_alloc.o(.text)
    _init_alloc                              0x0800107d   Thumb Code    94  init_alloc.o(.text)
    malloc                                   0x080010db   Thumb Code    94  h1_alloc.o(.text)
    _fseek                                   0x08001139   Thumb Code   242  fseek.o(.text)
    fseek                                    0x08001139   Thumb Code     0  fseek.o(.text)
    _seterr                                  0x08001231   Thumb Code    20  stdio.o(.text)
    _writebuf                                0x08001245   Thumb Code    84  stdio.o(.text)
    _fflush                                  0x08001299   Thumb Code    70  stdio.o(.text)
    _deferredlazyseek                        0x080012df   Thumb Code    60  stdio.o(.text)
    __sig_exit                               0x08001321   Thumb Code    10  defsig_exit.o(.text)
    __rt_SIGRTRED_inner                      0x0800132d   Thumb Code    14  defsig_rtred_inner.o(.text)
    strlen                                   0x08001361   Thumb Code    62  strlen.o(.text)
    _sys_exit                                0x080013a1   Thumb Code     8  sys_exit.o(.text)
    __Heap_Initialize                        0x080013ad   Thumb Code    10  h1_init.o(.text)
    __Heap_DescSize                          0x080013b7   Thumb Code     4  h1_init.o(.text)
    __Heap_ProvideMemory                     0x080013bb   Thumb Code    52  h1_extend.o(.text)
    _ftell_internal                          0x080013ef   Thumb Code    66  ftell.o(.text)
    ftell                                    0x080013ef   Thumb Code     0  ftell.o(.text)
    __default_signal_display                 0x08001431   Thumb Code    50  defsig_general.o(.text)
    __rt_SIGRTMEM                            0x08001463   Thumb Code    14  defsig_rtmem_outer.o(.text)
    _ttywrch                                 0x08001471   Thumb Code    14  sys_wrch.o(.text)
    __aeabi_errno_addr                       0x08001481   Thumb Code     8  rt_errno_addr_intlibspace.o(.text)
    __errno$intlibspace                      0x08001481   Thumb Code     0  rt_errno_addr_intlibspace.o(.text)
    __rt_errno_addr$intlibspace              0x08001481   Thumb Code     0  rt_errno_addr_intlibspace.o(.text)
    __rt_SIGRTMEM_inner                      0x08001489   Thumb Code    22  defsig_rtmem_inner.o(.text)
    _btod_d2e                                0x080014d9   Thumb Code    62  btod.o(CL$$btod_d2e)
    _d2e_denorm_low                          0x08001517   Thumb Code    70  btod.o(CL$$btod_d2e_denorm_low)
    _d2e_norm_op1                            0x0800155d   Thumb Code    96  btod.o(CL$$btod_d2e_norm_op1)
    __btod_div_common                        0x080015bd   Thumb Code   696  btod.o(CL$$btod_div_common)
    _e2e                                     0x080018f5   Thumb Code   198  btod.o(CL$$btod_e2e)
    _btod_ediv                               0x080019bb   Thumb Code    40  btod.o(CL$$btod_ediv)
    _btod_emul                               0x080019e3   Thumb Code    40  btod.o(CL$$btod_emul)
    __btod_mult_common                       0x08001a0b   Thumb Code   580  btod.o(CL$$btod_mult_common)
    ADC_ConversionStop_Disable               0x08001c51   Thumb Code    86  stm32f1xx_hal_adc.o(i.ADC_ConversionStop_Disable)
    ADC_Enable                               0x08001ca9   Thumb Code   114  stm32f1xx_hal_adc.o(i.ADC_Enable)
    BusFault_Handler                         0x08001d25   Thumb Code     2  stm32f1xx_it.o(i.BusFault_Handler)
    DebugMon_Handler                         0x08001d27   Thumb Code     2  stm32f1xx_it.o(i.DebugMon_Handler)
    Door_GetState                            0x08001d29   Thumb Code    20  bsp_door.o(i.Door_GetState)
    Door_Init                                0x08001d41   Thumb Code     6  bsp_door.o(i.Door_Init)
    EXTI15_10_IRQHandler                     0x08001d47   Thumb Code     8  stm32f1xx_it.o(i.EXTI15_10_IRQHandler)
    Error_Handler                            0x08001d4f   Thumb Code     4  main.o(i.Error_Handler)
    HAL_ADC_ConfigChannel                    0x08001d55   Thumb Code   240  stm32f1xx_hal_adc.o(i.HAL_ADC_ConfigChannel)
    HAL_ADC_GetValue                         0x08001e51   Thumb Code     6  stm32f1xx_hal_adc.o(i.HAL_ADC_GetValue)
    HAL_ADC_Init                             0x08001e59   Thumb Code   272  stm32f1xx_hal_adc.o(i.HAL_ADC_Init)
    HAL_ADC_MspInit                          0x08001f75   Thumb Code    76  adc.o(i.HAL_ADC_MspInit)
    HAL_ADC_PollForConversion                0x08001fcd   Thumb Code   304  stm32f1xx_hal_adc.o(i.HAL_ADC_PollForConversion)
    HAL_ADC_Start                            0x08002109   Thumb Code   184  stm32f1xx_hal_adc.o(i.HAL_ADC_Start)
    HAL_DMA_Abort                            0x080021c9   Thumb Code    70  stm32f1xx_hal_dma.o(i.HAL_DMA_Abort)
    HAL_DMA_Abort_IT                         0x08002211   Thumb Code   148  stm32f1xx_hal_dma.o(i.HAL_DMA_Abort_IT)
    HAL_Delay                                0x080022a9   Thumb Code    32  stm32f1xx_hal.o(i.HAL_Delay)
    HAL_GPIO_EXTI_Callback                   0x080022cd   Thumb Code    44  bsp_door.o(i.HAL_GPIO_EXTI_Callback)
    HAL_GPIO_EXTI_IRQHandler                 0x08002329   Thumb Code    18  stm32f1xx_hal_gpio.o(i.HAL_GPIO_EXTI_IRQHandler)
    HAL_GPIO_Init                            0x08002341   Thumb Code   446  stm32f1xx_hal_gpio.o(i.HAL_GPIO_Init)
    HAL_GPIO_ReadPin                         0x08002521   Thumb Code    10  stm32f1xx_hal_gpio.o(i.HAL_GPIO_ReadPin)
    HAL_GPIO_TogglePin                       0x0800252b   Thumb Code    16  stm32f1xx_hal_gpio.o(i.HAL_GPIO_TogglePin)
    HAL_GPIO_WritePin                        0x0800253b   Thumb Code    10  stm32f1xx_hal_gpio.o(i.HAL_GPIO_WritePin)
    HAL_GetTick                              0x08002545   Thumb Code     6  stm32f1xx_hal.o(i.HAL_GetTick)
    HAL_I2C_Init                             0x08002551   Thumb Code   376  stm32f1xx_hal_i2c.o(i.HAL_I2C_Init)
    HAL_I2C_Master_Receive                   0x080026d9   Thumb Code   576  stm32f1xx_hal_i2c.o(i.HAL_I2C_Master_Receive)
    HAL_I2C_Master_Transmit                  0x08002929   Thumb Code   290  stm32f1xx_hal_i2c.o(i.HAL_I2C_Master_Transmit)
    HAL_I2C_MspInit                          0x08002a55   Thumb Code    80  i2c.o(i.HAL_I2C_MspInit)
    HAL_IncTick                              0x08002ab1   Thumb Code    12  stm32f1xx_hal.o(i.HAL_IncTick)
    HAL_Init                                 0x08002ac1   Thumb Code    32  stm32f1xx_hal.o(i.HAL_Init)
    HAL_InitTick                             0x08002ae5   Thumb Code    54  stm32f1xx_hal.o(i.HAL_InitTick)
    HAL_MspInit                              0x08002b25   Thumb Code    52  stm32f1xx_hal_msp.o(i.HAL_MspInit)
    HAL_NVIC_EnableIRQ                       0x08002b61   Thumb Code    26  stm32f1xx_hal_cortex.o(i.HAL_NVIC_EnableIRQ)
    HAL_NVIC_SetPriority                     0x08002b7d   Thumb Code    60  stm32f1xx_hal_cortex.o(i.HAL_NVIC_SetPriority)
    HAL_NVIC_SetPriorityGrouping             0x08002bbd   Thumb Code    26  stm32f1xx_hal_cortex.o(i.HAL_NVIC_SetPriorityGrouping)
    HAL_RCCEx_GetPeriphCLKFreq               0x08002be1   Thumb Code   148  stm32f1xx_hal_rcc_ex.o(i.HAL_RCCEx_GetPeriphCLKFreq)
    HAL_RCCEx_PeriphCLKConfig                0x08002c85   Thumb Code   224  stm32f1xx_hal_rcc_ex.o(i.HAL_RCCEx_PeriphCLKConfig)
    HAL_RCC_ClockConfig                      0x08002d71   Thumb Code   280  stm32f1xx_hal_rcc.o(i.HAL_RCC_ClockConfig)
    HAL_RCC_GetPCLK1Freq                     0x08002e9d   Thumb Code    20  stm32f1xx_hal_rcc.o(i.HAL_RCC_GetPCLK1Freq)
    HAL_RCC_GetPCLK2Freq                     0x08002ebd   Thumb Code    20  stm32f1xx_hal_rcc.o(i.HAL_RCC_GetPCLK2Freq)
    HAL_RCC_GetSysClockFreq                  0x08002edd   Thumb Code    58  stm32f1xx_hal_rcc.o(i.HAL_RCC_GetSysClockFreq)
    HAL_RCC_OscConfig                        0x08002f29   Thumb Code   778  stm32f1xx_hal_rcc.o(i.HAL_RCC_OscConfig)
    HAL_SYSTICK_Config                       0x08003249   Thumb Code    40  stm32f1xx_hal_cortex.o(i.HAL_SYSTICK_Config)
    HAL_UARTEx_RxEventCallback               0x08003271   Thumb Code     2  stm32f1xx_hal_uart.o(i.HAL_UARTEx_RxEventCallback)
    HAL_UART_ErrorCallback                   0x08003273   Thumb Code     2  stm32f1xx_hal_uart.o(i.HAL_UART_ErrorCallback)
    HAL_UART_IRQHandler                      0x08003275   Thumb Code   616  stm32f1xx_hal_uart.o(i.HAL_UART_IRQHandler)
    HAL_UART_Init                            0x080034e1   Thumb Code   100  stm32f1xx_hal_uart.o(i.HAL_UART_Init)
    HAL_UART_MspInit                         0x08003545   Thumb Code   198  usart.o(i.HAL_UART_MspInit)
    HAL_UART_RxCpltCallback                  0x0800361d   Thumb Code     2  stm32f1xx_hal_uart.o(i.HAL_UART_RxCpltCallback)
    HAL_UART_Transmit                        0x0800361f   Thumb Code   160  stm32f1xx_hal_uart.o(i.HAL_UART_Transmit)
    HAL_UART_TxCpltCallback                  0x080036bf   Thumb Code     2  stm32f1xx_hal_uart.o(i.HAL_UART_TxCpltCallback)
    HardFault_Handler                        0x080036c1   Thumb Code     2  stm32f1xx_it.o(i.HardFault_Handler)
    MQ2_GetADCValue                          0x08003ae5   Thumb Code    32  bsp_mq2.o(i.MQ2_GetADCValue)
    MQ2_GetAlarmState                        0x08003b09   Thumb Code     8  bsp_mq2.o(i.MQ2_GetAlarmState)
    MX_ADC1_Init                             0x08003b15   Thumb Code    68  adc.o(i.MX_ADC1_Init)
    MX_GPIO_Init                             0x08003b61   Thumb Code   168  gpio.o(i.MX_GPIO_Init)
    MX_I2C1_Init                             0x08003c1d   Thumb Code    50  i2c.o(i.MX_I2C1_Init)
    MX_USART1_UART_Init                      0x08003c5d   Thumb Code    48  usart.o(i.MX_USART1_UART_Init)
    MX_USART2_UART_Init                      0x08003c95   Thumb Code    48  usart.o(i.MX_USART2_UART_Init)
    MemManage_Handler                        0x08003ccd   Thumb Code     2  stm32f1xx_it.o(i.MemManage_Handler)
    NMI_Handler                              0x08003ccf   Thumb Code     2  stm32f1xx_it.o(i.NMI_Handler)
    PendSV_Handler                           0x08003cd1   Thumb Code     2  stm32f1xx_it.o(i.PendSV_Handler)
    SHT30_CRC8                               0x08003cd3   Thumb Code    50  bsp_sht30.o(i.SHT30_CRC8)
    SHT30_Init                               0x08003d05   Thumb Code    32  bsp_sht30.o(i.SHT30_Init)
    SHT30_ReadData                           0x08003d29   Thumb Code   122  bsp_sht30.o(i.SHT30_ReadData)
    SVC_Handler                              0x08003db9   Thumb Code     2  stm32f1xx_it.o(i.SVC_Handler)
    SysTick_Handler                          0x08003dbb   Thumb Code     4  stm32f1xx_it.o(i.SysTick_Handler)
    SystemClock_Config                       0x08003dbf   Thumb Code   120  main.o(i.SystemClock_Config)
    SystemInit                               0x08003e37   Thumb Code     2  system_stm32f1xx.o(i.SystemInit)
    USART1_IRQHandler                        0x08004085   Thumb Code     6  stm32f1xx_it.o(i.USART1_IRQHandler)
    USART2_IRQHandler                        0x08004091   Thumb Code     6  stm32f1xx_it.o(i.USART2_IRQHandler)
    UsageFault_Handler                       0x0800409d   Thumb Code     2  stm32f1xx_it.o(i.UsageFault_Handler)
    __ARM_fpclassify                         0x0800409f   Thumb Code    40  fpclassify.o(i.__ARM_fpclassify)
    _is_digit                                0x080040e7   Thumb Code    14  __printf_wp.o(i._is_digit)
    fputc                                    0x080040f5   Thumb Code    20  main.o(i.fputc)
    main                                     0x0800410d   Thumb Code   136  main.o(i.main)
    _get_lc_numeric                          0x080041e5   Thumb Code    44  lc_numeric_c.o(locale$$code)
    __fpl_dretinf                            0x08004211   Thumb Code    12  dretinf.o(x$fpl$dretinf)
    __aeabi_f2d                              0x0800421d   Thumb Code     0  f2d.o(x$fpl$f2d)
    _f2d                                     0x0800421d   Thumb Code    86  f2d.o(x$fpl$f2d)
    __aeabi_fadd                             0x08004275   Thumb Code     0  faddsub_clz.o(x$fpl$fadd)
    _fadd                                    0x08004275   Thumb Code   196  faddsub_clz.o(x$fpl$fadd)
    __aeabi_fdiv                             0x08004339   Thumb Code     0  fdiv.o(x$fpl$fdiv)
    _fdiv                                    0x08004339   Thumb Code   384  fdiv.o(x$fpl$fdiv)
    __aeabi_ui2f                             0x080044bd   Thumb Code     0  fflt_clz.o(x$fpl$ffltu)
    _ffltu                                   0x080044bd   Thumb Code    38  fflt_clz.o(x$fpl$ffltu)
    __aeabi_fmul                             0x080044e5   Thumb Code     0  fmul.o(x$fpl$fmul)
    _fmul                                    0x080044e5   Thumb Code   258  fmul.o(x$fpl$fmul)
    __fpl_fnaninf                            0x080045e7   Thumb Code   140  fnaninf.o(x$fpl$fnaninf)
    __fpl_fretinf                            0x08004673   Thumb Code    10  fretinf.o(x$fpl$fretinf)
    __aeabi_fsub                             0x0800467d   Thumb Code     0  faddsub_clz.o(x$fpl$fsub)
    _fsub                                    0x0800467d   Thumb Code   234  faddsub_clz.o(x$fpl$fsub)
    _printf_fp_dec                           0x08004767   Thumb Code     4  printf1.o(x$fpl$printf1)
    __I$use$fp                               0x0800476a   Number         0  usenofp.o(x$fpl$usenofp)
    AHBPrescTable                            0x0800478e   Data          16  system_stm32f1xx.o(.constdata)
    APBPrescTable                            0x0800479e   Data           8  system_stm32f1xx.o(.constdata)
    __stdin_name                             0x0800483c   Data           4  sys_io.o(.constdata)
    __stdout_name                            0x08004840   Data           4  sys_io.o(.constdata)
    __stderr_name                            0x08004844   Data           4  sys_io.o(.constdata)
    Region$$Table$$Base                      0x08004848   Number         0  anon$$obj.o(Region$$Table)
    Region$$Table$$Limit                     0x08004868   Number         0  anon$$obj.o(Region$$Table)
    uwTickFreq                               0x20000000   Data           1  stm32f1xx_hal.o(.data)
    uwTickPrio                               0x20000004   Data           4  stm32f1xx_hal.o(.data)
    uwTick                                   0x20000008   Data           4  stm32f1xx_hal.o(.data)
    SystemCoreClock                          0x2000000c   Data           4  system_stm32f1xx.o(.data)
    __aeabi_stdin                            0x20000014   Data           4  stdio_streams.o(.data)
    __aeabi_stdout                           0x20000018   Data           4  stdio_streams.o(.data)
    __aeabi_stderr                           0x2000001c   Data           4  stdio_streams.o(.data)
    hadc1                                    0x20000020   Data          48  adc.o(.bss)
    hi2c1                                    0x20000050   Data          84  i2c.o(.bss)
    huart1                                   0x200000a4   Data          72  usart.o(.bss)
    huart2                                   0x200000ec   Data          72  usart.o(.bss)
    __stdin                                  0x20000134   Data          84  stdio_streams.o(.bss)
    __stdout                                 0x20000188   Data          84  stdio_streams.o(.bss)
    __stderr                                 0x200001dc   Data          84  stdio_streams.o(.bss)
    __libspace_start                         0x20000230   Data          96  libspace.o(.bss)
    __temporary_stack_top$libspace           0x20000290   Data           0  libspace.o(.bss)



==============================================================================

Memory Map of the image

  Image Entry point : 0x080000ed

  Load Region LR_IROM1 (Base: 0x08000000, Size: 0x000048a4, Max: 0x00010000, ABSOLUTE)

    Execution Region ER_IROM1 (Base: 0x08000000, Size: 0x00004884, Max: 0x00010000, ABSOLUTE)

    Base Addr    Size         Type   Attr      Idx    E Section Name        Object

    0x08000000   0x000000ec   Data   RO            3    RESET               startup_stm32f103xb.o
    0x080000ec   0x00000008   Code   RO         2743  * !!!main             c_w.l(__main.o)
    0x080000f4   0x00000034   Code   RO         3140    !!!scatter          c_w.l(__scatter.o)
    0x08000128   0x0000001a   Code   RO         3142    !!handler_copy      c_w.l(__scatter_copy.o)
    0x08000142   0x00000002   PAD
    0x08000144   0x0000001c   Code   RO         3144    !!handler_zi        c_w.l(__scatter_zi.o)
    0x08000160   0x00000000   Code   RO         2738    .ARM.Collect$$_printf_percent$$00000000  c_w.l(_printf_percent.o)
    0x08000160   0x00000006   Code   RO         2737    .ARM.Collect$$_printf_percent$$00000003  c_w.l(_printf_f.o)
    0x08000166   0x00000006   Code   RO         2735    .ARM.Collect$$_printf_percent$$00000009  c_w.l(_printf_d.o)
    0x0800016c   0x00000006   Code   RO         2736    .ARM.Collect$$_printf_percent$$0000000A  c_w.l(_printf_u.o)
    0x08000172   0x00000006   Code   RO         2734    .ARM.Collect$$_printf_percent$$00000014  c_w.l(_printf_s.o)
    0x08000178   0x00000004   Code   RO         2776    .ARM.Collect$$_printf_percent$$00000017  c_w.l(_printf_percent_end.o)
    0x0800017c   0x00000002   Code   RO         2950    .ARM.Collect$$libinit$$00000000  c_w.l(libinit.o)
    0x0800017e   0x00000000   Code   RO         2952    .ARM.Collect$$libinit$$00000002  c_w.l(libinit2.o)
    0x0800017e   0x00000000   Code   RO         2954    .ARM.Collect$$libinit$$00000004  c_w.l(libinit2.o)
    0x0800017e   0x00000008   Code   RO         2955    .ARM.Collect$$libinit$$00000005  c_w.l(libinit2.o)
    0x08000186   0x00000000   Code   RO         2957    .ARM.Collect$$libinit$$0000000A  c_w.l(libinit2.o)
    0x08000186   0x00000000   Code   RO         2959    .ARM.Collect$$libinit$$0000000C  c_w.l(libinit2.o)
    0x08000186   0x00000000   Code   RO         2961    .ARM.Collect$$libinit$$0000000E  c_w.l(libinit2.o)
    0x08000186   0x00000006   Code   RO         2962    .ARM.Collect$$libinit$$0000000F  c_w.l(libinit2.o)
    0x0800018c   0x00000000   Code   RO         2964    .ARM.Collect$$libinit$$00000011  c_w.l(libinit2.o)
    0x0800018c   0x00000000   Code   RO         2966    .ARM.Collect$$libinit$$00000013  c_w.l(libinit2.o)
    0x0800018c   0x00000000   Code   RO         2968    .ARM.Collect$$libinit$$00000015  c_w.l(libinit2.o)
    0x0800018c   0x0000000a   Code   RO         2969    .ARM.Collect$$libinit$$00000016  c_w.l(libinit2.o)
    0x08000196   0x00000000   Code   RO         2970    .ARM.Collect$$libinit$$00000017  c_w.l(libinit2.o)
    0x08000196   0x00000000   Code   RO         2972    .ARM.Collect$$libinit$$00000019  c_w.l(libinit2.o)
    0x08000196   0x00000000   Code   RO         2974    .ARM.Collect$$libinit$$0000001B  c_w.l(libinit2.o)
    0x08000196   0x00000000   Code   RO         2976    .ARM.Collect$$libinit$$0000001D  c_w.l(libinit2.o)
    0x08000196   0x00000000   Code   RO         2978    .ARM.Collect$$libinit$$0000001F  c_w.l(libinit2.o)
    0x08000196   0x00000000   Code   RO         2980    .ARM.Collect$$libinit$$00000021  c_w.l(libinit2.o)
    0x08000196   0x00000000   Code   RO         2982    .ARM.Collect$$libinit$$00000023  c_w.l(libinit2.o)
    0x08000196   0x00000004   Code   RO         2983    .ARM.Collect$$libinit$$00000024  c_w.l(libinit2.o)
    0x0800019a   0x00000000   Code   RO         2984    .ARM.Collect$$libinit$$00000025  c_w.l(libinit2.o)
    0x0800019a   0x00000000   Code   RO         2988    .ARM.Collect$$libinit$$0000002C  c_w.l(libinit2.o)
    0x0800019a   0x00000000   Code   RO         2990    .ARM.Collect$$libinit$$0000002E  c_w.l(libinit2.o)
    0x0800019a   0x00000000   Code   RO         2992    .ARM.Collect$$libinit$$00000030  c_w.l(libinit2.o)
    0x0800019a   0x00000000   Code   RO         2994    .ARM.Collect$$libinit$$00000032  c_w.l(libinit2.o)
    0x0800019a   0x00000002   Code   RO         2995    .ARM.Collect$$libinit$$00000033  c_w.l(libinit2.o)
    0x0800019c   0x00000002   Code   RO         3119    .ARM.Collect$$libshutdown$$00000000  c_w.l(libshutdown.o)
    0x0800019e   0x00000000   Code   RO         2997    .ARM.Collect$$libshutdown$$00000002  c_w.l(libshutdown2.o)
    0x0800019e   0x00000004   Code   RO         2998    .ARM.Collect$$libshutdown$$00000003  c_w.l(libshutdown2.o)
    0x080001a2   0x00000000   Code   RO         2999    .ARM.Collect$$libshutdown$$00000004  c_w.l(libshutdown2.o)
    0x080001a2   0x00000000   Code   RO         3002    .ARM.Collect$$libshutdown$$00000007  c_w.l(libshutdown2.o)
    0x080001a2   0x00000000   Code   RO         3005    .ARM.Collect$$libshutdown$$0000000A  c_w.l(libshutdown2.o)
    0x080001a2   0x00000000   Code   RO         3007    .ARM.Collect$$libshutdown$$0000000C  c_w.l(libshutdown2.o)
    0x080001a2   0x00000000   Code   RO         3010    .ARM.Collect$$libshutdown$$0000000F  c_w.l(libshutdown2.o)
    0x080001a2   0x00000002   Code   RO         3011    .ARM.Collect$$libshutdown$$00000010  c_w.l(libshutdown2.o)
    0x080001a4   0x00000000   Code   RO         2767    .ARM.Collect$$rtentry$$00000000  c_w.l(__rtentry.o)
    0x080001a4   0x00000000   Code   RO         2791    .ARM.Collect$$rtentry$$00000002  c_w.l(__rtentry2.o)
    0x080001a4   0x00000006   Code   RO         2803    .ARM.Collect$$rtentry$$00000004  c_w.l(__rtentry4.o)
    0x080001aa   0x00000000   Code   RO         2793    .ARM.Collect$$rtentry$$00000009  c_w.l(__rtentry2.o)
    0x080001aa   0x00000004   Code   RO         2794    .ARM.Collect$$rtentry$$0000000A  c_w.l(__rtentry2.o)
    0x080001ae   0x00000000   Code   RO         2796    .ARM.Collect$$rtentry$$0000000C  c_w.l(__rtentry2.o)
    0x080001ae   0x00000008   Code   RO         2797    .ARM.Collect$$rtentry$$0000000D  c_w.l(__rtentry2.o)
    0x080001b6   0x00000002   Code   RO         3015    .ARM.Collect$$rtexit$$00000000  c_w.l(rtexit.o)
    0x080001b8   0x00000000   Code   RO         3065    .ARM.Collect$$rtexit$$00000002  c_w.l(rtexit2.o)
    0x080001b8   0x00000004   Code   RO         3066    .ARM.Collect$$rtexit$$00000003  c_w.l(rtexit2.o)
    0x080001bc   0x00000006   Code   RO         3067    .ARM.Collect$$rtexit$$00000004  c_w.l(rtexit2.o)
    0x080001c2   0x00000002   PAD
    0x080001c4   0x00000000   Code   RO         3071    .emb_text           c_w.l(maybetermalloc1.o)
    0x080001c4   0x00000040   Code   RO            4    .text               startup_stm32f103xb.o
    0x08000204   0x00000018   Code   RO         2706    .text               c_w.l(noretval__2printf.o)
    0x0800021c   0x00000052   Code   RO         2710    .text               c_w.l(_printf_str.o)
    0x0800026e   0x00000002   PAD
    0x08000270   0x00000078   Code   RO         2712    .text               c_w.l(_printf_dec.o)
    0x080002e8   0x00000160   Code   RO         2729    .text               c_w.l(__printf_ss_wp.o)
    0x08000448   0x0000004e   Code   RO         2739    .text               c_w.l(rt_memclr_w.o)
    0x08000496   0x00000006   Code   RO         2741    .text               c_w.l(heapauxi.o)
    0x0800049c   0x000000b2   Code   RO         2768    .text               c_w.l(_printf_intcommon.o)
    0x0800054e   0x0000041a   Code   RO         2770    .text               c_w.l(_printf_fp_dec.o)
    0x08000968   0x0000002c   Code   RO         2772    .text               c_w.l(_printf_char.o)
    0x08000994   0x00000024   Code   RO         2774    .text               c_w.l(_printf_char_file.o)
    0x080009b8   0x00000008   Code   RO         2808    .text               c_w.l(rt_locale_intlibspace.o)
    0x080009c0   0x0000008a   Code   RO         2810    .text               c_w.l(lludiv10.o)
    0x08000a4a   0x00000002   PAD
    0x08000a4c   0x00000030   Code   RO         2812    .text               c_w.l(_printf_char_common.o)
    0x08000a7c   0x00000080   Code   RO         2814    .text               c_w.l(_printf_fp_infnan.o)
    0x08000afc   0x000000dc   Code   RO         2816    .text               c_w.l(bigflt0.o)
    0x08000bd8   0x00000008   Code   RO         2841    .text               c_w.l(ferror.o)
    0x08000be0   0x00000138   Code   RO         2843    .text               c_w.l(initio.o)
    0x08000d18   0x00000066   Code   RO         2856    .text               c_w.l(sys_io.o)
    0x08000d7e   0x00000002   PAD
    0x08000d80   0x00000008   Code   RO         2861    .text               c_w.l(libspace.o)
    0x08000d88   0x0000004a   Code   RO         2866    .text               c_w.l(sys_stackheap_outer.o)
    0x08000dd2   0x0000004e   Code   RO         2870    .text               c_w.l(h1_free.o)
    0x08000e20   0x00000046   Code   RO         2926    .text               c_w.l(setvbuf.o)
    0x08000e66   0x00000002   PAD
    0x08000e68   0x000000ec   Code   RO         2929    .text               c_w.l(fopen.o)
    0x08000f54   0x0000004c   Code   RO         2931    .text               c_w.l(fclose.o)
    0x08000fa0   0x00000012   Code   RO         2937    .text               c_w.l(exit.o)
    0x08000fb2   0x0000000e   Code   RO         2939    .text               c_w.l(defsig_rtred_outer.o)
    0x08000fc0   0x00000080   Code   RO         2943    .text               c_w.l(strcmpv7m.o)
    0x08001040   0x00000002   Code   RO         3012    .text               c_w.l(use_no_semi.o)
    0x08001042   0x00000000   Code   RO         3014    .text               c_w.l(indicate_semi.o)
    0x08001042   0x00000002   PAD
    0x08001044   0x00000008   Code   RO         3022    .text               c_w.l(rt_heap_descriptor_intlibspace.o)
    0x0800104c   0x00000004   Code   RO         3024    .text               c_w.l(hguard.o)
    0x08001050   0x0000008a   Code   RO         3026    .text               c_w.l(init_alloc.o)
    0x080010da   0x0000005e   Code   RO         3032    .text               c_w.l(h1_alloc.o)
    0x08001138   0x000000f8   Code   RO         3046    .text               c_w.l(fseek.o)
    0x08001230   0x000000f0   Code   RO         3048    .text               c_w.l(stdio.o)
    0x08001320   0x0000000a   Code   RO         3050    .text               c_w.l(defsig_exit.o)
    0x0800132a   0x00000002   PAD
    0x0800132c   0x00000034   Code   RO         3052    .text               c_w.l(defsig_rtred_inner.o)
    0x08001360   0x0000003e   Code   RO         3054    .text               c_w.l(strlen.o)
    0x0800139e   0x00000002   PAD
    0x080013a0   0x0000000c   Code   RO         3062    .text               c_w.l(sys_exit.o)
    0x080013ac   0x0000000e   Code   RO         3073    .text               c_w.l(h1_init.o)
    0x080013ba   0x00000034   Code   RO         3075    .text               c_w.l(h1_extend.o)
    0x080013ee   0x00000042   Code   RO         3081    .text               c_w.l(ftell.o)
    0x08001430   0x00000032   Code   RO         3085    .text               c_w.l(defsig_general.o)
    0x08001462   0x0000000e   Code   RO         3087    .text               c_w.l(defsig_rtmem_outer.o)
    0x08001470   0x0000000e   Code   RO         3100    .text               c_w.l(sys_wrch.o)
    0x0800147e   0x00000002   PAD
    0x08001480   0x00000008   Code   RO         3107    .text               c_w.l(rt_errno_addr_intlibspace.o)
    0x08001488   0x00000050   Code   RO         3113    .text               c_w.l(defsig_rtmem_inner.o)
    0x080014d8   0x0000003e   Code   RO         2819    CL$$btod_d2e        c_w.l(btod.o)
    0x08001516   0x00000046   Code   RO         2821    CL$$btod_d2e_denorm_low  c_w.l(btod.o)
    0x0800155c   0x00000060   Code   RO         2820    CL$$btod_d2e_norm_op1  c_w.l(btod.o)
    0x080015bc   0x00000338   Code   RO         2829    CL$$btod_div_common  c_w.l(btod.o)
    0x080018f4   0x000000c6   Code   RO         2826    CL$$btod_e2e        c_w.l(btod.o)
    0x080019ba   0x00000028   Code   RO         2823    CL$$btod_ediv       c_w.l(btod.o)
    0x080019e2   0x00000028   Code   RO         2822    CL$$btod_emul       c_w.l(btod.o)
    0x08001a0a   0x00000244   Code   RO         2828    CL$$btod_mult_common  c_w.l(btod.o)
    0x08001c4e   0x00000002   PAD
    0x08001c50   0x00000056   Code   RO          490    i.ADC_ConversionStop_Disable  stm32f1xx_hal_adc.o
    0x08001ca6   0x00000002   PAD
    0x08001ca8   0x0000007c   Code   RO          494    i.ADC_Enable        stm32f1xx_hal_adc.o
    0x08001d24   0x00000002   Code   RO          336    i.BusFault_Handler  stm32f1xx_it.o
    0x08001d26   0x00000002   Code   RO          337    i.DebugMon_Handler  stm32f1xx_it.o
    0x08001d28   0x00000018   Code   RO         2581    i.Door_GetState     bsp_door.o
    0x08001d40   0x00000006   Code   RO         2582    i.Door_Init         bsp_door.o
    0x08001d46   0x00000008   Code   RO          338    i.EXTI15_10_IRQHandler  stm32f1xx_it.o
    0x08001d4e   0x00000004   Code   RO           14    i.Error_Handler     main.o
    0x08001d52   0x00000002   PAD
    0x08001d54   0x000000fc   Code   RO          496    i.HAL_ADC_ConfigChannel  stm32f1xx_hal_adc.o
    0x08001e50   0x00000006   Code   RO          503    i.HAL_ADC_GetValue  stm32f1xx_hal_adc.o
    0x08001e56   0x00000002   PAD
    0x08001e58   0x0000011c   Code   RO          505    i.HAL_ADC_Init      stm32f1xx_hal_adc.o
    0x08001f74   0x00000058   Code   RO          205    i.HAL_ADC_MspInit   adc.o
    0x08001fcc   0x0000013c   Code   RO          509    i.HAL_ADC_PollForConversion  stm32f1xx_hal_adc.o
    0x08002108   0x000000c0   Code   RO          511    i.HAL_ADC_Start     stm32f1xx_hal_adc.o
    0x080021c8   0x00000046   Code   RO         1147    i.HAL_DMA_Abort     stm32f1xx_hal_dma.o
    0x0800220e   0x00000002   PAD
    0x08002210   0x00000098   Code   RO         1148    i.HAL_DMA_Abort_IT  stm32f1xx_hal_dma.o
    0x080022a8   0x00000024   Code   RO          773    i.HAL_Delay         stm32f1xx_hal.o
    0x080022cc   0x0000005c   Code   RO         2584    i.HAL_GPIO_EXTI_Callback  bsp_door.o
    0x08002328   0x00000018   Code   RO         1082    i.HAL_GPIO_EXTI_IRQHandler  stm32f1xx_hal_gpio.o
    0x08002340   0x000001e0   Code   RO         1083    i.HAL_GPIO_Init     stm32f1xx_hal_gpio.o
    0x08002520   0x0000000a   Code   RO         1085    i.HAL_GPIO_ReadPin  stm32f1xx_hal_gpio.o
    0x0800252a   0x00000010   Code   RO         1086    i.HAL_GPIO_TogglePin  stm32f1xx_hal_gpio.o
    0x0800253a   0x0000000a   Code   RO         1087    i.HAL_GPIO_WritePin  stm32f1xx_hal_gpio.o
    0x08002544   0x0000000c   Code   RO          777    i.HAL_GetTick       stm32f1xx_hal.o
    0x08002550   0x00000188   Code   RO         1754    i.HAL_I2C_Init      stm32f1xx_hal_i2c.o
    0x080026d8   0x00000250   Code   RO         1760    i.HAL_I2C_Master_Receive  stm32f1xx_hal_i2c.o
    0x08002928   0x0000012c   Code   RO         1767    i.HAL_I2C_Master_Transmit  stm32f1xx_hal_i2c.o
    0x08002a54   0x0000005c   Code   RO          247    i.HAL_I2C_MspInit   i2c.o
    0x08002ab0   0x00000010   Code   RO          783    i.HAL_IncTick       stm32f1xx_hal.o
    0x08002ac0   0x00000024   Code   RO          784    i.HAL_Init          stm32f1xx_hal.o
    0x08002ae4   0x00000040   Code   RO          785    i.HAL_InitTick      stm32f1xx_hal.o
    0x08002b24   0x0000003c   Code   RO          430    i.HAL_MspInit       stm32f1xx_hal_msp.o
    0x08002b60   0x0000001a   Code   RO         1243    i.HAL_NVIC_EnableIRQ  stm32f1xx_hal_cortex.o
    0x08002b7a   0x00000002   PAD
    0x08002b7c   0x00000040   Code   RO         1249    i.HAL_NVIC_SetPriority  stm32f1xx_hal_cortex.o
    0x08002bbc   0x00000024   Code   RO         1250    i.HAL_NVIC_SetPriorityGrouping  stm32f1xx_hal_cortex.o
    0x08002be0   0x000000a4   Code   RO         1044    i.HAL_RCCEx_GetPeriphCLKFreq  stm32f1xx_hal_rcc_ex.o
    0x08002c84   0x000000ec   Code   RO         1045    i.HAL_RCCEx_PeriphCLKConfig  stm32f1xx_hal_rcc_ex.o
    0x08002d70   0x0000012c   Code   RO          941    i.HAL_RCC_ClockConfig  stm32f1xx_hal_rcc.o
    0x08002e9c   0x00000020   Code   RO          948    i.HAL_RCC_GetPCLK1Freq  stm32f1xx_hal_rcc.o
    0x08002ebc   0x00000020   Code   RO          949    i.HAL_RCC_GetPCLK2Freq  stm32f1xx_hal_rcc.o
    0x08002edc   0x0000004c   Code   RO          950    i.HAL_RCC_GetSysClockFreq  stm32f1xx_hal_rcc.o
    0x08002f28   0x00000320   Code   RO          953    i.HAL_RCC_OscConfig  stm32f1xx_hal_rcc.o
    0x08003248   0x00000028   Code   RO         1254    i.HAL_SYSTICK_Config  stm32f1xx_hal_cortex.o
    0x08003270   0x00000002   Code   RO         2192    i.HAL_UARTEx_RxEventCallback  stm32f1xx_hal_uart.o
    0x08003272   0x00000002   Code   RO         2206    i.HAL_UART_ErrorCallback  stm32f1xx_hal_uart.o
    0x08003274   0x0000026c   Code   RO         2209    i.HAL_UART_IRQHandler  stm32f1xx_hal_uart.o
    0x080034e0   0x00000064   Code   RO         2210    i.HAL_UART_Init     stm32f1xx_hal_uart.o
    0x08003544   0x000000d8   Code   RO          289    i.HAL_UART_MspInit  usart.o
    0x0800361c   0x00000002   Code   RO         2216    i.HAL_UART_RxCpltCallback  stm32f1xx_hal_uart.o
    0x0800361e   0x000000a0   Code   RO         2218    i.HAL_UART_Transmit  stm32f1xx_hal_uart.o
    0x080036be   0x00000002   Code   RO         2221    i.HAL_UART_TxCpltCallback  stm32f1xx_hal_uart.o
    0x080036c0   0x00000002   Code   RO          339    i.HardFault_Handler  stm32f1xx_it.o
    0x080036c2   0x0000002e   Code   RO         1797    i.I2C_IsAcknowledgeFailed  stm32f1xx_hal_i2c.o
    0x080036f0   0x000000ec   Code   RO         1800    i.I2C_MasterRequestRead  stm32f1xx_hal_i2c.o
    0x080037dc   0x0000009c   Code   RO         1801    i.I2C_MasterRequestWrite  stm32f1xx_hal_i2c.o
    0x08003878   0x00000056   Code   RO         1812    i.I2C_WaitOnBTFFlagUntilTimeout  stm32f1xx_hal_i2c.o
    0x080038ce   0x00000002   PAD
    0x080038d0   0x00000090   Code   RO         1813    i.I2C_WaitOnFlagUntilTimeout  stm32f1xx_hal_i2c.o
    0x08003960   0x000000bc   Code   RO         1814    i.I2C_WaitOnMasterAddressFlagUntilTimeout  stm32f1xx_hal_i2c.o
    0x08003a1c   0x00000070   Code   RO         1815    i.I2C_WaitOnRXNEFlagUntilTimeout  stm32f1xx_hal_i2c.o
    0x08003a8c   0x00000056   Code   RO         1816    i.I2C_WaitOnTXEFlagUntilTimeout  stm32f1xx_hal_i2c.o
    0x08003ae2   0x00000002   PAD
    0x08003ae4   0x00000024   Code   RO         2625    i.MQ2_GetADCValue   bsp_mq2.o
    0x08003b08   0x0000000c   Code   RO         2626    i.MQ2_GetAlarmState  bsp_mq2.o
    0x08003b14   0x0000004c   Code   RO          206    i.MX_ADC1_Init      adc.o
    0x08003b60   0x000000bc   Code   RO          180    i.MX_GPIO_Init      gpio.o
    0x08003c1c   0x00000040   Code   RO          248    i.MX_I2C1_Init      i2c.o
    0x08003c5c   0x00000038   Code   RO          290    i.MX_USART1_UART_Init  usart.o
    0x08003c94   0x00000038   Code   RO          291    i.MX_USART2_UART_Init  usart.o
    0x08003ccc   0x00000002   Code   RO          340    i.MemManage_Handler  stm32f1xx_it.o
    0x08003cce   0x00000002   Code   RO          341    i.NMI_Handler       stm32f1xx_it.o
    0x08003cd0   0x00000002   Code   RO          342    i.PendSV_Handler    stm32f1xx_it.o
    0x08003cd2   0x00000032   Code   RO         2667    i.SHT30_CRC8        bsp_sht30.o
    0x08003d04   0x00000024   Code   RO         2668    i.SHT30_Init        bsp_sht30.o
    0x08003d28   0x00000090   Code   RO         2669    i.SHT30_ReadData    bsp_sht30.o
    0x08003db8   0x00000002   Code   RO          343    i.SVC_Handler       stm32f1xx_it.o
    0x08003dba   0x00000004   Code   RO          344    i.SysTick_Handler   stm32f1xx_it.o
    0x08003dbe   0x00000078   Code   RO           15    i.SystemClock_Config  main.o
    0x08003e36   0x00000002   Code   RO         2544    i.SystemInit        system_stm32f1xx.o
    0x08003e38   0x00000010   Code   RO         2223    i.UART_DMAAbortOnError  stm32f1xx_hal_uart.o
    0x08003e48   0x0000004e   Code   RO         2233    i.UART_EndRxTransfer  stm32f1xx_hal_uart.o
    0x08003e96   0x000000c2   Code   RO         2235    i.UART_Receive_IT   stm32f1xx_hal_uart.o
    0x08003f58   0x000000b8   Code   RO         2236    i.UART_SetConfig    stm32f1xx_hal_uart.o
    0x08004010   0x00000072   Code   RO         2239    i.UART_WaitOnFlagUntilTimeout  stm32f1xx_hal_uart.o
    0x08004082   0x00000002   PAD
    0x08004084   0x0000000c   Code   RO          345    i.USART1_IRQHandler  stm32f1xx_it.o
    0x08004090   0x0000000c   Code   RO          346    i.USART2_IRQHandler  stm32f1xx_it.o
    0x0800409c   0x00000002   Code   RO          347    i.UsageFault_Handler  stm32f1xx_it.o
    0x0800409e   0x00000028   Code   RO         2854    i.__ARM_fpclassify  m_ws.l(fpclassify.o)
    0x080040c6   0x00000020   Code   RO         1256    i.__NVIC_SetPriority  stm32f1xx_hal_cortex.o
    0x080040e6   0x0000000e   Code   RO         2724    i._is_digit         c_w.l(__printf_wp.o)
    0x080040f4   0x00000018   Code   RO           16    i.fputc             main.o
    0x0800410c   0x000000d8   Code   RO           17    i.main              main.o
    0x080041e4   0x0000002c   Code   RO         2850    locale$$code        c_w.l(lc_numeric_c.o)
    0x08004210   0x0000000c   Code   RO         2783    x$fpl$dretinf       fz_ws.l(dretinf.o)
    0x0800421c   0x00000056   Code   RO         2745    x$fpl$f2d           fz_ws.l(f2d.o)
    0x08004272   0x00000002   PAD
    0x08004274   0x000000c4   Code   RO         2747    x$fpl$fadd          fz_ws.l(faddsub_clz.o)
    0x08004338   0x00000184   Code   RO         2754    x$fpl$fdiv          fz_ws.l(fdiv.o)
    0x080044bc   0x00000026   Code   RO         2757    x$fpl$ffltu         fz_ws.l(fflt_clz.o)
    0x080044e2   0x00000002   PAD
    0x080044e4   0x00000102   Code   RO         2763    x$fpl$fmul          fz_ws.l(fmul.o)
    0x080045e6   0x0000008c   Code   RO         2785    x$fpl$fnaninf       fz_ws.l(fnaninf.o)
    0x08004672   0x0000000a   Code   RO         2787    x$fpl$fretinf       fz_ws.l(fretinf.o)
    0x0800467c   0x000000ea   Code   RO         2749    x$fpl$fsub          fz_ws.l(faddsub_clz.o)
    0x08004766   0x00000004   Code   RO         2765    x$fpl$printf1       fz_ws.l(printf1.o)
    0x0800476a   0x00000000   Code   RO         2789    x$fpl$usenofp       fz_ws.l(usenofp.o)
    0x0800476a   0x00000012   Data   RO          954    .constdata          stm32f1xx_hal_rcc.o
    0x0800477c   0x00000012   Data   RO         1046    .constdata          stm32f1xx_hal_rcc_ex.o
    0x0800478e   0x00000010   Data   RO         2545    .constdata          system_stm32f1xx.o
    0x0800479e   0x00000008   Data   RO         2546    .constdata          system_stm32f1xx.o
    0x080047a6   0x00000002   PAD
    0x080047a8   0x00000094   Data   RO         2817    .constdata          c_w.l(bigflt0.o)
    0x0800483c   0x00000004   Data   RO         2857    .constdata          c_w.l(sys_io.o)
    0x08004840   0x00000004   Data   RO         2858    .constdata          c_w.l(sys_io.o)
    0x08004844   0x00000004   Data   RO         2859    .constdata          c_w.l(sys_io.o)
    0x08004848   0x00000020   Data   RO         3138    Region$$Table       anon$$obj.o
    0x08004868   0x0000001c   Data   RO         2849    locale$$data        c_w.l(lc_numeric_c.o)


    Execution Region RW_IRAM1 (Base: 0x20000000, Size: 0x00000890, Max: 0x00005000, ABSOLUTE)

    Base Addr    Size         Type   Attr      Idx    E Section Name        Object

    0x20000000   0x0000000c   Data   RW          791    .data               stm32f1xx_hal.o
    0x2000000c   0x00000004   Data   RW         2547    .data               system_stm32f1xx.o
    0x20000010   0x00000004   Data   RW         2585    .data               bsp_door.o
    0x20000014   0x00000004   Data   RW         2780    .data               c_w.l(stdio_streams.o)
    0x20000018   0x00000004   Data   RW         2781    .data               c_w.l(stdio_streams.o)
    0x2000001c   0x00000004   Data   RW         2782    .data               c_w.l(stdio_streams.o)
    0x20000020   0x00000030   Zero   RW          207    .bss                adc.o
    0x20000050   0x00000054   Zero   RW          249    .bss                i2c.o
    0x200000a4   0x00000090   Zero   RW          292    .bss                usart.o
    0x20000134   0x00000054   Zero   RW         2777    .bss                c_w.l(stdio_streams.o)
    0x20000188   0x00000054   Zero   RW         2778    .bss                c_w.l(stdio_streams.o)
    0x200001dc   0x00000054   Zero   RW         2779    .bss                c_w.l(stdio_streams.o)
    0x20000230   0x00000060   Zero   RW         2862    .bss                c_w.l(libspace.o)
    0x20000290   0x00000200   Zero   RW            2    HEAP                startup_stm32f103xb.o
    0x20000490   0x00000400   Zero   RW            1    STACK               startup_stm32f103xb.o


==============================================================================

Image component sizes


      Code (inc. data)   RO Data    RW Data    ZI Data      Debug   Object Name

       164         20          0          0         48       1797   adc.o
       122         52          0          4          0       2301   bsp_door.o
        48          8          0          0          0       1430   bsp_mq2.o
       230         26          0          0          0       2415   bsp_sht30.o
       188         20          0          0          0       1051   gpio.o
       156         26          0          0         84       1785   i2c.o
       364         84          0          0          0     422016   main.o
        64         26        236          0       1536        832   startup_stm32f103xb.o
       164         28          0         12          0       6333   stm32f1xx_hal.o
      1260         54          0          0          0       7020   stm32f1xx_hal_adc.o
       198         14          0          0          0      29495   stm32f1xx_hal_cortex.o
       222          4          0          0          0       1987   stm32f1xx_hal_dma.o
       540         40          0          0          0       5099   stm32f1xx_hal_gpio.o
      2338         54          0          0          0      13290   stm32f1xx_hal_i2c.o
        60          8          0          0          0        950   stm32f1xx_hal_msp.o
      1240         84         18          0          0       5492   stm32f1xx_hal_rcc.o
       400         28         18          0          0       2685   stm32f1xx_hal_rcc_ex.o
      1474         10          0          0          0      10876   stm32f1xx_hal_uart.o
        52         12          0          0          0       5649   stm32f1xx_it.o
         2          0         24          4          0       1291   system_stm32f1xx.o
       328         34          0          0        144       2563   usart.o

    ----------------------------------------------------------------------
      9630        632        330         20       1812     526357   Object Totals
         0          0         32          0          0          0   (incl. Generated)
        16          0          2          0          0          0   (incl. Padding)

    ----------------------------------------------------------------------

      Code (inc. data)   RO Data    RW Data    ZI Data      Debug   Library Member Name

         8          0          0          0          0         68   __main.o
       352          0          0          0          0         88   __printf_ss_wp.o
        14          0          0          0          0         68   __printf_wp.o
         0          0          0          0          0          0   __rtentry.o
        12          0          0          0          0          0   __rtentry2.o
         6          0          0          0          0          0   __rtentry4.o
        52          8          0          0          0          0   __scatter.o
        26          0          0          0          0          0   __scatter_copy.o
        28          0          0          0          0          0   __scatter_zi.o
        44          0          0          0          0        108   _printf_char.o
        48          6          0          0          0         96   _printf_char_common.o
        36          4          0          0          0         80   _printf_char_file.o
         6          0          0          0          0          0   _printf_d.o
       120         16          0          0          0         92   _printf_dec.o
         6          0          0          0          0          0   _printf_f.o
      1050          0          0          0          0        216   _printf_fp_dec.o
       128         16          0          0          0         84   _printf_fp_infnan.o
       178          0          0          0          0         88   _printf_intcommon.o
         0          0          0          0          0          0   _printf_percent.o
         4          0          0          0          0          0   _printf_percent_end.o
         6          0          0          0          0          0   _printf_s.o
        82          0          0          0          0         80   _printf_str.o
         6          0          0          0          0          0   _printf_u.o
       220          4        148          0          0         96   bigflt0.o
      1910        128          0          0          0        672   btod.o
        10          0          0          0          0         68   defsig_exit.o
        50          0          0          0          0         88   defsig_general.o
        80         58          0          0          0         76   defsig_rtmem_inner.o
        14          0          0          0          0         80   defsig_rtmem_outer.o
        52         38          0          0          0         76   defsig_rtred_inner.o
        14          0          0          0          0         80   defsig_rtred_outer.o
        18          0          0          0          0         80   exit.o
        76          0          0          0          0         88   fclose.o
         8          0          0          0          0         68   ferror.o
       236          4          0          0          0        128   fopen.o
       248          6          0          0          0         84   fseek.o
        66          0          0          0          0         76   ftell.o
        94          0          0          0          0         80   h1_alloc.o
        52          0          0          0          0         68   h1_extend.o
        78          0          0          0          0         80   h1_free.o
        14          0          0          0          0         84   h1_init.o
         6          0          0          0          0        152   heapauxi.o
         4          0          0          0          0        136   hguard.o
         0          0          0          0          0          0   indicate_semi.o
       138          0          0          0          0        168   init_alloc.o
       312         46          0          0          0        112   initio.o
        44         10         28          0          0         76   lc_numeric_c.o
         2          0          0          0          0          0   libinit.o
        30          0          0          0          0          0   libinit2.o
         2          0          0          0          0          0   libshutdown.o
         6          0          0          0          0          0   libshutdown2.o
         8          4          0          0         96         68   libspace.o
       138          0          0          0          0         80   lludiv10.o
         0          0          0          0          0          0   maybetermalloc1.o
        24          4          0          0          0         84   noretval__2printf.o
         8          4          0          0          0         68   rt_errno_addr_intlibspace.o
         8          4          0          0          0         68   rt_heap_descriptor_intlibspace.o
         8          4          0          0          0         68   rt_locale_intlibspace.o
        78          0          0          0          0         80   rt_memclr_w.o
         2          0          0          0          0          0   rtexit.o
        10          0          0          0          0          0   rtexit2.o
        70          0          0          0          0         80   setvbuf.o
       240          6          0          0          0        156   stdio.o
         0          0          0         12        252          0   stdio_streams.o
       128          0          0          0          0         68   strcmpv7m.o
        62          0          0          0          0         76   strlen.o
        12          4          0          0          0         68   sys_exit.o
       102          0         12          0          0        240   sys_io.o
        74          0          0          0          0         80   sys_stackheap_outer.o
        14          0          0          0          0         76   sys_wrch.o
         2          0          0          0          0         68   use_no_semi.o
        12          0          0          0          0         68   dretinf.o
        86          4          0          0          0         84   f2d.o
       430          8          0          0          0        168   faddsub_clz.o
       388         76          0          0          0         96   fdiv.o
        38          0          0          0          0         68   fflt_clz.o
       258          4          0          0          0         84   fmul.o
       140          4          0          0          0         84   fnaninf.o
        10          0          0          0          0         68   fretinf.o
         4          0          0          0          0         68   printf1.o
         0          0          0          0          0          0   usenofp.o
        40          0          0          0          0         68   fpclassify.o

    ----------------------------------------------------------------------
      8416        470        188         12        348       6068   Library Totals
        26          0          0          0          0          0   (incl. Padding)

    ----------------------------------------------------------------------

      Code (inc. data)   RO Data    RW Data    ZI Data      Debug   Library Name

      6984        374        188         12        348       5212   c_w.l
      1366         96          0          0          0        788   fz_ws.l
        40          0          0          0          0         68   m_ws.l

    ----------------------------------------------------------------------
      8416        470        188         12        348       6068   Library Totals

    ----------------------------------------------------------------------

==============================================================================


      Code (inc. data)   RO Data    RW Data    ZI Data      Debug   

     18046       1102        518         32       2160     524725   Grand Totals
     18046       1102        518         32       2160     524725   ELF Image Totals
     18046       1102        518         32          0          0   ROM Totals

==============================================================================

    Total RO  Size (Code + RO Data)                18564 (  18.13kB)
    Total RW  Size (RW Data + ZI Data)              2192 (   2.14kB)
    Total ROM Size (Code + RO Data + RW Data)      18596 (  18.16kB)

==============================================================================

